=== Stage 1b deploy verify (T-064) ===
Generated: 2026-08-15T15:15:58Z
HEAD: 98d736a02b0a98430a02c65adb9569031d23a76c

URL base: http://xn--ljhfjm-dl0o.top/IELTS (custom domain, github.io 301-redirects here)
github.io 301 known limitation: HANDOFF-stage1a.md line 16

=== Curl results (-L follow redirect) ===
=== Curl results (via custom domain, -L follows redirect) ===
task1/01-table-universities-ranked.html: 200
task1/02-pie-meal-nutrients.html: 200
task1/03-bar-electricity.html: 200
task1/04-bar-physical-activity.html: 200
task1/05-mixed-graph.html: 200
task1/06-process-rain-shadow-desert.html: 200
task1/07-process-plastic-recycling.html: 200
task1/08-process-cement-making.html: 200
task1/09-mixed-library-survey.html: 200
task1/10-dynamic-caribbean-tourists.html: 200
task1/11-dynamic-melbourne-activities.html: 200
task1/12-dynamic-asian-cities.html: 200
task1/13-static-uk-school-spending.html: 200
task2/01-agree-disagree-history-vs-business.html: 200
task2/02-discuss-both-views-employment-skills.html: 200
task2/03-positive-negative-children-freedom.html: 200
task2/04-opinion-teachers-morality.html: 200
task2/05-two-questions-environment.html: 200
task2/06-26-env-solutions.html: 200
task2/07-01-lang-learning.html: 200
task2/08-04-education-target.html: 200
task2/09-05-education-phenomenon.html: 200
task2/10-06-job-choice.html: 200
task2/11-07-personal-skill.html: 200
task2/12-08-work-env.html: 200
task2/13-09-job-types.html: 200
task2/14-10-work-life-balance.html: 200
task2/15-11-urbanisation.html: 200
task2/16-12-culture.html: 200
task2/17-13-ageing.html: 200
task2/18-14-transport.html: 200
task2/19-15-values-compare.html: 200
task2/20-16-social-phenomenon.html: 200
task2/21-17-privacy.html: 200
task2/22-18-life-change.html: 200
task2/23-19-gender.html: 200
task2/24-20-civility.html: 200
task2/25-21-animal-protection.html: 200
task2/26-22-plastic.html: 200
task2/27-23-water.html: 200
task2/28-24-noise-pollution.html: 200
task2/29-25-consumption-env.html: 200
task2/30-02-qual-meaning.html: 200
task2/31-03-education-method.html: 200
task2/32-27-technology.html: 200
task2/33-28-health.html: 200
task2/34-29-media.html: 200
task2/35-30-advertising.html: 200
task2/36-31-globalisation.html: 200
task2/37-32-travel.html: 200
task2/38-1-1-single-question.html: 200
task2/39-1-1-problem-solution.html: 200
task2/40-1-2-advantage-disadvantage.html: 200
task2/41-1-5-single-question.html: 200
task2/42-4-4-problem-solution.html: 200
Total 200 responses: 55 / 55

=== Playwright chip visibility ===
process: 0
problem-solution: 0
advantage-disadvantage: 0
single-question: 0

=== Filter chip total count ===
18 chips in live filter UI

=== Actions deploy status ===
head_sha=98d736a02b0a98430a02c65adb9569031d23a76c conclusion=success status=completed

=== RESULT: FAIL (chip visibility) ===
All 55 essay URLs return 200 via custom domain; deploy success at HEAD.
BUT: docs/writing/index.html lists only the 10 Stage 1a essays (last touched by
30f3c16 T-016b which added chips only). Chips process/map/problem-solution/
advantage-disadvantage/single-question match ZERO cards -> "No matching essays"
empty state. Violates .omo/specs/ielts-writing-site-stage1b.md AC line 10:
"filter chips (process, map, all 10 Task 2 types) populate with real essay cards".
Root cause: index.html was never extended with <article> cards for the 45 new
essays (their essay files DO declare data-type/data-difficulty, e.g.
06-process-rain-shadow-desert.html has data-type="process").
Fix scope: extend docs/writing/index.html with 45 cards (data-task/data-difficulty/
data-type + title + href), then redeploy. NOT done here - surfaced to dispatcher.
