### 2026-08-17T19:02:49Z ###
[F4] 拼写 happy/failure 路径 ... PASS (5 docs × 4 sub-checks = 20/20)
[F7] localStorage 写入/读取/重置 ... PASS (4/4 sub-checks)
[F8] 「未掌握」tab 内容正确 ... FAIL (4/5 sub-checks)
RESULT: FAILED
### 2026-08-17T19:28:28.586Z ###
[F4] 拼写 happy/failure 路径 ... PASS (5 docs × 4 sub-checks = 20/20)
[F7] localStorage 写入/读取/重置 ... PASS (4/4 sub-checks)
[F8] 「未掌握」tab 内容正确 ... PASS (5/5 sub-checks)
RESULT: ALL PASS
### 2026-08-17T20:02:01.611Z ###
[F4] 拼写 happy/failure 路径 ... PASS (5 docs × 4 sub-checks = 20/20)
[F7] localStorage 写入/读取/重置 ... PASS (4/4 sub-checks)
[F8] 「未掌握」tab 内容正确 ... PASS (5/5 sub-checks)
RESULT: ALL PASS
### 2026-08-17T20:03:15.380Z ###
[F4] 拼写 happy/failure 路径 ... PASS (5 docs × 4 sub-checks = 20/20)
[F7] localStorage 写入/读取/重置 ... PASS (4/4 sub-checks)
[F8] 「未掌握」tab 内容正确 ... PASS (5/5 sub-checks)
RESULT: ALL PASS
### 2026-08-17T23:48:43.086Z ###
[F4] 拼写 happy/failure 路径 ... PASS (5 docs × 4 sub-checks = 20/20)
[F7] localStorage 写入/读取/重置 ... PASS (4/4 sub-checks)
[F8] 「未掌握」tab 内容正确 ... PASS (5/5 sub-checks)
RESULT: ALL PASS
### 2026-08-17T23:53:55.679Z ###
[F4] 拼写 happy/failure 路径 ... PASS (5 docs × 4 sub-checks = 20/20)
[F7] localStorage 写入/读取/重置 ... PASS (4/4 sub-checks)
[F8] 「未掌握」tab 内容正确 ... PASS (5/5 sub-checks)
RESULT: ALL PASS
### 2026-08-17T23:56:33.981Z ###
[F4] 拼写 happy/failure 路径 ... PASS (5 docs × 4 sub-checks = 20/20)
[F7] localStorage 写入/读取/重置 ... PASS (4/4 sub-checks)
[F8] 「未掌握」tab 内容正确 ... PASS (5/5 sub-checks)
RESULT: ALL PASS
### 2026-08-17T23:59:38.034Z ###
[F4] 拼写 happy/failure 路径 ... PASS (5 docs × 4 sub-checks = 20/20)
[F7] localStorage 写入/读取/重置 ... FAIL (2/4 sub-checks)
[F8] 「未掌握」tab 内容正确 ... PASS (5/5 sub-checks)
RESULT: FAILED
### 2026-08-18T00:00:04.363Z ###
[F4] 拼写 happy/failure 路径 ... PASS (5 docs × 4 sub-checks = 20/20)
[F7] localStorage 写入/读取/重置 ... PASS (4/4 sub-checks)
[F8] 「未掌握」tab 内容正确 ... PASS (5/5 sub-checks)
RESULT: ALL PASS
### 2026-08-18T00:00:32.083Z ###
[F4] 拼写 happy/failure 路径 ... PASS (5 docs × 4 sub-checks = 20/20)
[F7] localStorage 写入/读取/重置 ... PASS (4/4 sub-checks)
[F8] 「未掌握」tab 内容正确 ... PASS (5/5 sub-checks)
RESULT: ALL PASS
