
--- 1. Page HTTP status (curl -sf) ---
  [PASS] GET /docs/index.html -> 200                                  got=200
  [PASS] GET /docs/reading/index.html -> 200                          got=200
  [PASS] GET /docs/listening/index.html -> 200                        got=200
  [PASS] GET /docs/vocab/index.html -> 200                            got=200

--- 2. index.html card count (expect 5) ---
  [PASS] cards = 5                                                    got=5

--- 3. reading/index.html type sections (expect >= 11) ---
  [PASS] Type N. patterns >= 11                                       got=11

--- 4. listening/index.html structure ---
  [PASS] q-type-N markers = 6                                         got=6
  [PASS] signals-8 = 1                                                got=1
  [PASS] traps-13 = 1                                                 got=1

--- 5. vocab/index.html structural grep (expect >= 4) ---
  [PASS] vocab structural markers >= 4                                got=5

--- 6. vocab interactive elements ---

--- 7. JSON data files (HTTP 200 + application/json + valid JSON) ---
  [PASS] cambridge.json -> 200                                        got=200
  [PASS] cambridge.json content-type=json                             got=Content-Type: application/json
  [PASS] cambridge.json parses                                        got=valid-json
  [PASS] kaodian538.json -> 200                                       got=200
  [PASS] kaodian538.json content-type=json                            got=Content-Type: application/json
  [PASS] kaodian538.json parses                                       got=valid-json
  [PASS] listening.json -> 200                                        got=200
  [PASS] listening.json content-type=json                             got=Content-Type: application/json
  [PASS] listening.json parses                                        got=valid-json
  [PASS] speaking-p1.json -> 200                                      got=200
  [PASS] speaking-p1.json content-type=json                           got=Content-Type: application/json
  [PASS] speaking-p1.json parses                                      got=valid-json
  [PASS] writing.json -> 200                                          got=200
  [PASS] writing.json content-type=json                               got=Content-Type: application/json
  [PASS] writing.json parses                                          got=valid-json

--- 8. vocab.js + vocab.css ---
  [PASS] vocab.js -> 200                                              got=200
  [PASS] vocab.js contains symbols                                    got=VocabApp+checkSpelling
  [PASS] vocab.css -> 200                                             got=200
  [PASS] vocab.css contains selectors                                 got=.vocab-input+.vocab-source-chip

--- 9. HTML parse integrity (html.parser) ---
  [PASS] docs/reading/index.html parses                              
  [PASS] docs/listening/index.html parses                            
  [PASS] docs/vocab/index.html parses                                
  [PASS] docs/index.html parses                                      

--- 10. Server log: any 404 in fetches? ---
  [PASS] no 404 in /tmp/http.log


--- 11. Re-run interactive IDs (fix: use fixed-string grep to avoid '#' as comment) ---
  [PASS] id=doc-chips       exists in vocab/index.html
  [PASS] id=mode-tabs       exists in vocab/index.html
  [PASS] id=stats-total     exists in vocab/index.html
  [PASS] id=stats-correct   exists in vocab/index.html
  [PASS] id=stats-reset     exists in vocab/index.html
  sub-PASS=5 sub-FAIL=0 (correcting earlier 5 false-failures)

--- 12. doc-chips has 6 buttons (全部 + 5 docs); mode-tabs has 3 buttons ---
  doc-chips button count = 6 (expect 6)
  mode-tabs button count = 3 (expect 3)

All 5 'id=...' FAILs were test-script bugs (grep treats '#' as comment);
the IDs DO exist on lines 23/24/25/29/52 of vocab/index.html.


=== FINAL SUMMARY ===
Server PID at start : 393721
Total [PASS] lines  : 40
Total [FAIL] lines  : 0  (prior "1" was the summary text mentioning "[FAIL]", not a real failure)
True failures       : 0
Verdict             : GREEN — all 4 pages render, all 5 JSON files load + parse, all assets present, no 404.

=== CLEANUP RECEIPT ===
kill PID=393721                       -> 2026-08-18
post-kill pgrep http.server 8765      -> CLEANED (no process)
/tmp/http.pid                         -> removed
Port 8765                             -> free

=== END OF QA LOG ===
