# OCR typo fix run (APPLIED)
SKIP listening.json freshman-76: too garbled to repair
SKIP listening.json school-life-97: too garbled to repair
SKIP listening.json dining-53: too garbled to repair
SKIP listening.json dining-69: too garbled to repair
FIX listening.json accommodation-1: english 'campus' -> 'campus' | chinese '校四' -> '校园'
FIX listening.json accommodation-51: english 'air conditioncr' -> 'air conditioner'
FIX listening.json travelling-52: english 'refund mA' -> 'refund'
FIX listening.json travelling-56: english 'torch' -> 'torch' | chinese '手电简' -> '手电筒'
FIX listening.json travelling-57: english 'sunglasses' -> 'sunglasses' | chinese '六太阳镜' -> '太阳镜'
FIX listening.json travelling-65: english 'sccnic spot' -> 'scenic spot'
FIX listening.json banking-5: english 'sclect account' -> 'select account'
FIX listening.json freshman-12: english 'restroom' -> 'restroom' | chinese '公共出所' -> '公共厕所'
FIX listening.json freshman-70: english 'boarding school' -> 'boarding school' | chinese '寄笨学校' -> '寄宿学校'
FIX listening.json freshman-102: english 'third-ycar student' -> 'third-year student'
FIX listening.json school-life-7: english 'school ofAns' -> 'school of Arts'
FIX listening.json school-life-52: english 'archacology' -> 'archaeology'
FIX listening.json school-life-84: english 'ri po:t' -> 'report'
FIX listening.json school-life-114: english 'review Im' -> 'review'
FIX listening.json school-life-145: english "evaluation {i,valju'" -> "evaluation {i,valju'" | chinese '评佑' -> '评估'
FIX listening.json school-life-152: english 'fail the exam' -> 'fail the exam' | chinese '挂料' -> '挂科'
FIX listening.json school-life-171: english 'interview nA' -> 'interview'
FIX listening.json school-life-181: english 'eimjn' -> 'aim'
FIX listening.json library-57: english 'checklist pek' -> 'checklist'
FIX listening.json library-78: english "ri'ta:njn" -> 'return'
FIX listening.json medical-40: english 'eyesight aisait' -> 'eyesight'
FIX listening.json medical-47: english 'cough nA' -> 'cough'
FIX listening.json medical-60: english 'exercise nA' -> 'exercise'
FIX listening.json interview-2: english "interviewee intorvju:'i" -> 'interviewee'
FIX listening.json interview-4: english 'recruit nA' -> 'recruit'
FIX listening.json interview-28: english 'application form' -> 'application form' | chinese '中请表' -> '申请表'
FIX listening.json dining-26: english 'apple juice' -> 'apple juice' | chinese '苹果汗' -> '苹果汁'
FIX listening.json dining-28: english 'ycllow' -> 'yellow'
FIX listening.json dining-34: english 'vcgctarian rcstaurant' -> 'vegetarian restaurant'
FIX listening.json dining-35: english 'sandwit' -> 'sandwich' | chinese '由六三明治' -> '三明治'
FIX listening.json dining-43: english 'saltiness' -> 'saltiness' | chinese '成味' -> '咸味'
FIX listening.json dining-50: english 'shop' -> 'shop' | chinese '两店' -> '商店'
FIX listening.json dining-55: english 'bargain nA' -> 'bargain'
FIX listening.json dining-77: english 'keep-tit stutio' -> 'keep-fit studio'
FIX listening.json dining-111: english 'display nA' -> 'display'
FIX listening.json science-31: english 'migratory bird' -> 'migratory bird' | chinese '候马' -> '候鸟'
FIX listening.json science-76: english 'ri saikoll' -> 'recycle'
FIX listening.json science-88: english 'ges' -> 'gas'
FIX listening.json society-economy-1: english 'cconomy' -> 'economy'
FIX listening.json society-economy-3: english 'boom nA' -> 'boom'
FIX listening.json society-economy-8: english 'import nA' -> 'import'
FIX listening.json society-economy-9: english 'export nA' -> 'export'
SKIP writing.json environment-28: too garbled to repair
FIX writing.json education-1: english 'subjecit' -> 'subject' | example_en 'history 历史 sclence FY; arts 艺 术' -> 'history 历史 science ; arts 艺 术'
FIX writing.json language-1: english 'theoretloal knowlecdge' -> 'theoretical knowledge'
FIX writing.json culture-2: english 'system of educatlon' -> 'system of education'
FIX writing.json culture-22: english 'explore the forelgn culture' -> 'explore the foreign culture'
FIX writing.json culture-25: english 'exotic/forelgn' -> 'exotic/foreign'
FIX writing.json culture-30: english "expand one's vislon/horlzon/become open-minded" -> "expand one's vision/horizon/become open-minded"
FIX writing.json culture-52: english 'high-rise office bulldings' -> 'high-rise office buildings'
FIX writing.json culture-53: english 'clty construction' -> 'city construction'
FIX writing.json government-2: english 'architectural vandallsm' -> 'architectural vandalism'
FIX writing.json government-5: english 'tourist-facing businesses/tourlsm Industry' -> 'tourist-facing businesses/tourism Industry'
FIX writing.json government-13: english 'be biased agalnst..' -> 'be biased against..'
FIX writing.json government-18: english 'mjsleading' -> 'misleading' | example_en 'mljsleading report 误导 性 报道' -> 'misleading report 误导 性 报道'
FIX writing.json government-25: english 'commerclals' -> 'commercials'
FIX writing.json government-31: english 'abstaln from voting' -> 'abstain from voting'
FIX writing.json government-39: english 'hlghly-sophisticated/cutting-edge/advanced technology' -> 'highly-sophisticated/cutting-edge/advanced technology'
FIX writing.json government-44: english 'radlcal' -> 'radical'
FIX writing.json work-42: english 'a decent/well-pald job/occupation/profession' -> 'a decent/well-paid job/occupation/profession'
FIX writing.json work-44: english 'turning polnt' -> 'turning point'
FIX writing.json work-46: english 'get advanced in the soclety' -> 'get advanced in the society'
FIX writing.json work-53: english 'reallze/fulfill the value of life ”' -> 'realize/fulfill the value of life ”'
FIX writing.json environment-22: english 'participate in the reconstruction of the clty' -> 'participate in the reconstruction of the city'
FIX writing.json environment-37: english 'bright prospeot' -> 'bright prospect'
FIX writing.json society-50: english 'of humble blrth' -> 'of humble birth'
FIX writing.json animal-protection-5: english 'consanguinity, blood relatlonshlp' -> 'consanguinity, blood relationship'
FIX writing.json animal-protection-20: english 'on the verge of extinctlon' -> 'on the verge of extinction'
FIX writing.json animal-protection-22: english 'CO--6Xxlst/coexistence' -> 'coexist/coexistence'
FIX writing.json animal-protection-37: english 'origin of specjes' -> 'origin of species'
FIX writing.json animal-protection-45: english 'anti-sclence' -> 'anti-science'
FIX writing.json animal-protection-67: english 'scjentific gains' -> 'scientific gains'
FIX writing.json technology-29: english 'increase burden on the govemment' -> 'increase burden on the government'
TOTAL: 72 items corrected
# OCR typo fix run (DRY-RUN)
SKIP listening.json freshman-76: too garbled to repair
SKIP listening.json school-life-97: too garbled to repair
SKIP listening.json dining-53: too garbled to repair
SKIP listening.json dining-69: too garbled to repair
SKIP writing.json environment-28: too garbled to repair
TOTAL: 0 items corrected
