source: /home/ljh2923/opencode-project/IELTS/听力高频词汇.pdf
pages: 45
--- page 1 (mode=cached, 1593 chars) ---
  P1: cat#1 -> accommodation (食宿篇) | '1. Accommodation 食 宿 篇'
  item 0001 [accommodation#1] 'campus'                       -> '校四'                 | ipa='‘kempos'
  item 0002 [accommodation#2] 'live on campus'               -> '住学校'               
  item 0003 [accommodation#3] 'hall ofresidence'             -> '学生公寓，大学宿舍'         
  item 0004 [accommodation#4] 'live offcampus'               -> '住校外'               
  item 0005 [accommodation#5] 'rent a house'                 -> '租房'                
  item 0006 [accommodation#6] 'studio apartment'             -> '单间公寓'              
  item 0007 [accommodation#7] 'en-suite'                     -> '带独立卫生间的套间'          | ipa="on'swi:t"
  item 0008 [accommodation#8] 'bedsit'                       -> '卧室兼起居室'             | ipa="bed'sit"
  item 0009 [accommodation#9] 'house'                        -> '独幢住宅'               | ipa='haus'
  item 0010 [accommodation#10] 'cottage'                      -> '村舍，小别墅'             | ipa='‘kotid3'
  item 0011 [accommodation#11] 'village'                      -> '村庄'                 | ipa='‘vilidz'
  item 0012 [accommodation#12] 'neighbourhood'                -> '美)小区'              
  item 0013 [accommodation#13] 'noprivacy'                    -> '没有私人空间'            
  item 0014 [accommodation#14] 'private'                      -> '私密的'                | ipa='praivit'
  item 0015 [accommodation#15] 'owner of the house'           -> '房东'                
  item 0016 [accommodation#16] 'unhelpful/unsympathetic owner' -> '不合作/不共有同情心的房东'     
--- page 2 (mode=cached, 1059 chars) ---
  item 0017 [accommodation#17] 'landlady'                     -> '女房东'                | ipa='laend leidi'
  item 0018 [accommodation#18] 'close to work/ school/ station' -> '离工作地点、学校、公交车站近'    
  item 0019 [accommodation#19] 'pets are not allowed'         -> '禁止养宠物'             
  item 0020 [accommodation#20] 'rural area'                   -> '乡村'                
  item 0021 [accommodation#21] 'city centre'                  -> '市中心'               
  item 0022 [accommodation#22] 'north-eastern part'           -> '东北部'               
  item 0023 [accommodation#23] 'hall'                         -> '大厅'                
  item 0024 [accommodation#24] 'main hall'                    -> '大厅'                
  item 0025 [accommodation#25] 'dining hall'                  -> '餐厅'                
  item 0026 [accommodation#26] 'Town Hall'                    -> '市政厅'               
  item 0027 [accommodation#27] 'lobby'                        -> '大厅，休息室'             | ipa='obi'
  item 0028 [accommodation#28] 'lounge'                       -> '休息室'                | ipa='laund3'
  item 0029 [accommodation#29] 'room'                         -> '房间'                 | ipa='ru:m'
  item 0030 [accommodation#30] 'single room'                  -> '单人间'               
  item 0031 [accommodation#31] 'twin room'                    -> '个单人床的双人间'          
  item 0032 [accommodation#32] 'double room'                  -> '张双人床的双人间'          
  item 0033 [accommodation#33] 'triple room'                  -> '人间'                
  item 0034 [accommodation#34] 'bedroom'                      -> '卧室'                 | ipa='bedrum'
  item 0035 [accommodation#35] 'livingroom'                   -> '起居室，客厅'            
  item 0036 [accommodation#36] 'study'                        -> '书房'                 | ipa='‘stadi'
  item 0037 [accommodation#37] 'furnished'                    -> '有家县的'               | ipa='fo:nift'
  item 0038 [accommodation#38] 'Decoration'                   -> '装饰'                 | ipa=",deka'reifan"
--- page 3 (mode=cached, 897 chars) ---
  item 0039 [accommodation#39] 'roof'                         -> '屋顶'                 | ipa='kufan'
  item 0040 [accommodation#40] 'cabinet'                      -> '橱柜，内阁'              | ipa='kebinit'
  item 0041 [accommodation#41] 'bookshelf'                    -> '书橱'                 | ipa='bukfelf'
  item 0042 [accommodation#42] 'bed sheet'                    -> '床单'                
  item 0043 [accommodation#43] 'pillow'                       -> '枕头'                 | ipa='pilou'
  item 0044 [accommodation#44] 'microwave oven'               -> '微波炉'               
  item 0045 [accommodation#45] 'washing machine'              -> '洗衣机'               
  item 0046 [accommodation#46] 'door'                         -> '门'                  | ipa='do:(r)'
  item 0047 [accommodation#47] 'waterheater'                  -> '热水器'               
  item 0048 [accommodation#48] 'fire'                         -> '火'                  | ipa='‘faio'
  item 0049 [accommodation#49] 'fire blanket'                 -> '灭火秸'               
  item 0050 [accommodation#50] 'fire alarm'                   -> '报火警'               
  item 0051 [accommodation#51] 'air conditioncr'              -> '空调'                
  item 0052 [accommodation#52] 'air conditioning'             -> '空调'                
  item 0053 [accommodation#53] 'rent'                         -> '房租'                 | ipa='rent'
--- page 4 (mode=cached, 1048 chars) ---
  item 0054 [accommodation#54] 'Deposit'                      -> '押金'                 | ipa="di'pozit"
  item 0055 [accommodation#55] 'bill'                         -> '账单'                 | ipa='bil'
  item 0056 [accommodation#56] 'water bill'                   -> '水费'                
  item 0057 [accommodation#57] 'electricity bill'             -> '电费'                
  item 0058 [accommodation#58] 'gas bill'                     -> '煤气费'               
  item 0059 [accommodation#59] 'phone bill'                   -> '电话费'               
  item 0060 [accommodation#60] 'internet bill'                -> '网费'                
  P4: cat#2 -> travelling (休闲旅行) | '2 Tavelling 休闲 旅行'
  item 0061 [travelling#1] 'tour'                         -> '旅行'                 | ipa='tuo'
  item 0062 [travelling#2] 'trip'                         -> '旅行'                 | ipa='trip'
  item 0063 [travelling#3] 'travel'                       -> '旅行'                 | ipa='travol'
  item 0064 [travelling#4] 'journey'                      -> '旅行'                 | ipa='‘d3o:ni'
  item 0065 [travelling#5] 'voyage'                       -> '航海'                 | ipa='‘voi-id3'
  item 0066 [travelling#6] 'guided tour'                  -> '有回导的旅行'            
  item 0067 [travelling#7] 'self-service tour'            -> '自助游'               
  item 0068 [travelling#8] 'package tour'                 -> '团队游'               
--- page 5 (mode=cached, 1354 chars) ---
  item 0069 [travelling#9] 'travel.agency'                -> '旅行团'               
  item 0070 [travelling#10] 'picnic'                       -> '野餐'                 | ipa='piknik'
  item 0071 [travelling#11] 'tourist industry'             -> '旅游业'               
  item 0072 [travelling#12] 'ecotourism'                   -> '生态游'                | ipa='i:kou,tuarizom'
  item 0073 [travelling#13] 'reserve'                      -> '预订'                 | ipa="ri'ze:v"
  item 0074 [travelling#14] 'seat reservation'             -> '预订一个座位'            
  item 0075 [travelling#15] 'to reserve a seat'            -> '预订一个座位'            
  item 0076 [travelling#16] 'kansell'                      -> '取消'                
  item 0077 [travelling#17] 'cancellation'                 -> '取消'                 | ipa="kensa'leifon"
  item 0078 [travelling#18] 'notice'                       -> '通知'                 | ipa='‘noutis'
  item 0079 [travelling#19] 'notice board'                 -> '公告栏'               
  item 0080 [travelling#20] 'week’s notice 2-week notice'  -> '提前两周题型'            
  item 0081 [travelling#21] 'public transport'             -> '公共交通'              
  item 0082 [travelling#22] 'transportation'               -> '交通运输'               | ipa="traenspo:'teifon"
  item 0083 [travelling#23] 'traffic'                      -> '交通堵塞'              
  item 0084 [travelling#24] 'traffic lights'               -> '交通信号灯'             
  item 0085 [travelling#25] 'congestion'                   -> '拥挤'                 | ipa="ksn' dyestjan"
  item 0086 [travelling#26] 'flight'                       -> '航班'                 | ipa='flait'
  item 0087 [travelling#27] 'flight number'                -> '航班号'               
  item 0088 [travelling#28] 'terminal'                     -> '航站楼'                | ipa='ta:minal'
  item 0089 [travelling#29] 'economy class'                -> '经济舱'               
  item 0090 [travelling#30] 'coach'                        -> '长途汽车'               | ipa='kout/'
  item 0091 [travelling#31] 'train'                        -> '火车'                 | ipa='trein'
  item 0092 [travelling#32] 'underground railway'          -> '地铁'                
  item 0093 [travelling#33] 'underground car park'         -> '地下停东场'             
  item 0094 [travelling#34] 'wheel'                        -> '方向盘'                | ipa='hwi:I'
--- page 6 (mode=cached, 1261 chars) ---
  item 0095 [travelling#35] 'four-wheel drive'             -> '四轮驱动'              
  item 0096 [travelling#36] 'wheelchair'                   -> '轮椅'                 | ipa="wi:l'tfeo"
  item 0097 [travelling#37] 'cab'                          -> '出租车'                | ipa='keeb'
  item 0098 [travelling#38] 'bus system'                   -> '公交系统'              
  item 0099 [travelling#39] 'bus route'                    -> '公交线路'              
  item 0100 [travelling#40] 'motel'                        -> '汽车旅馆'               | ipa="hou'tel"
  item 0101 [travelling#41] 'hostel'                       -> '旅社，招待所'             | ipa='hostal'
  item 0102 [travelling#42] 'student hostel'               -> '学生宿舍'              
  item 0103 [travelling#43] 'youth hostel'                 -> '青年旅馆'              
  item 0104 [travelling#44] 'cottage'                      -> '小屋，小别墅'             | ipa='‘kotidg'
  item 0105 [travelling#45] 'holiday house'                -> '度假屋'               
  item 0106 [travelling#46] 'passport'                     -> '护照'                 | ipa='pa:spo:t'
  item 0107 [travelling#47] 'visa'                         -> '签证'                 | ipa='"vi:zs'
  item 0108 [travelling#48] 'driving license/driving licence' -> '驾照'                
  item 0109 [travelling#49] 'charge'                       -> '收费，费用'              | ipa='tfa:dz'
  item 0110 [travelling#50] 'service charge'               -> '服务费'               
  item 0111 [travelling#51] 'free of charge'               -> '免费'                
  item 0112 [travelling#52] 'refund mA'                    -> '退款'                 | ipa="ri'fand, ‘ri:fand"
  item 0113 [travelling#53] 'full refund'                  -> '全额退款'              
  item 0114 [travelling#54] 'traveler’s check'             -> '旅行支票'              
  item 0115 [travelling#55] 'currency'                     -> '货币'                 | ipa='‘karonsi'
  item 0116 [travelling#56] 'torch'                        -> '手电简'                | ipa='to:t{'
  item 0117 [travelling#57] 'sunglasses'                   -> '六太阳镜'               | ipa='san gla:siz'
  item 0118 [travelling#58] 'tent'                         -> '帐篷'                 | ipa='tent'
  item 0119 [travelling#59] 'hiking boots'                 -> '步行者'               
  item 0120 [travelling#60] 'compass'                      -> '指南针-'               | ipa='‘kampos'
  item 0121 [travelling#61] 'sun cream'                    -> '防叮霜'               
--- page 7 (mode=cached, 1005 chars) ---
  item 0122 [travelling#62] 'resort'                       -> '旅游胜地'               | ipa="ri'zo:t"
  item 0123 [travelling#63] 'historical interest'          -> '历史名胜'              
  item 0124 [travelling#64] 'tourist attraction'           -> '旅游景点'              
  item 0125 [travelling#65] 'sccnic spot'                  -> '旅游景点'              
  item 0126 [travelling#66] 'indigenous'                   -> '本土的'                | ipa="in'didgones"
  item 0127 [travelling#67] 'domestic'                     -> '国内的'                | ipa='da mestik'
  item 0128 [travelling#68] 'local'                        -> '当地的'                | ipa='‘loukal'
  item 0129 [travelling#69] 'exotic'                       -> '异国的，外来的'            | ipa="eg'zotik"
  item 0130 [travelling#70] 'museum'                       -> '博物馆'                | ipa="mju(:)'ziem"
  item 0131 [travelling#71] 'American Museum'              -> '美国博物馆'             
  item 0132 [travelling#72] 'art gallery'                  -> '艺术画廊|'             
  item 0133 [travelling#73] 'tower'                        -> '塔'                  | ipa='taus'
  item 0134 [travelling#74] 'Tower of London'              -> '伦敦塔'               
  item 0135 [travelling#75] 'waterfall'                    -> '瀑布'                 | ipa='wo:tofo:)'
  item 0136 [travelling#76] 'harbour'                      -> '海港'                 | ipa='‘ha:bo'
  item 0137 [travelling#77] 'cathedral'                    -> '大教堂'                | ipa="ka'0i:dral"
  item 0138 [travelling#78] 'marshland'                    -> '沼泽地'                | ipa='ma:fland'
  item 0139 [travelling#79] 'souvenir'                     -> '纪念品'                | ipa="su:ye'nis"
  item 0140 [travelling#80] 'souvenir shop'                -> '纪念品商店'             
--- page 8 (mode=cached, 558 chars) ---
  item 0141 [travelling#81] 'giftshop'                     -> '纪念品商店'             
  item 0142 [travelling#82] 'viewpoint'                    -> '观点'                 | ipa='‘vju:point'
  item 0143 [travelling#83] 'footbridge'                   -> '步行桥'                | ipa='futbrids'
  item 0144 [travelling#84] 'activity'                     -> '活动'                 | ipa="ek'tivoti"
  item 0145 [travelling#85] 'cycling'                      -> '骑脚踏车'               | ipa='saiklin'
  item 0146 [travelling#86] 'camping'                      -> '露营'                 | ipa='kaempin'
  item 0147 [travelling#87] 'hiking'                       -> '徒步旅行'               | ipa='haikin'
  item 0148 [travelling#88] 'cruising'                     -> '游轮观光'               | ipa='kru:zin'
  item 0149 [travelling#89] 'horse riding'                 -> '骑马'                
  item 0150 [travelling#90] 'caving'                       -> '"洞穴探险'              | ipa='keivin'
  item 0151 [travelling#91] 'cave'                         -> '洞穴'                 | ipa='keiv'
  item 0152 [travelling#92] 'explore caves'                -> '洞穴探险'              
  item 0153 [travelling#93] 'music festival'               -> '音乐节'               
  item 0154 [travelling#94] 'art festival'                 -> '艺术节'               
--- page 9 (mode=cached, 1114 chars) ---
  P9: cat#3 -> banking (银行交易) | '3 银行 交易'
  item 0155 [banking#1] 'open an account'              -> '开户'                
  item 0156 [banking#2] 'savings account'              -> '储蓄账户'              
  item 0157 [banking#3] 'current account'              -> '活期账户'              
  item 0158 [banking#4] 'deposit account'              -> '定期账户'              
  item 0159 [banking#5] 'sclect account'               -> '精选账户'              
  item 0160 [banking#6] 'joint account'                -> '联名账户'              
  item 0161 [banking#7] 'instant account'              -> '快速账户'              
  item 0162 [banking#8] 'deposit w_'                   -> '存钱'                 | ipa="di'pozit"
  item 0163 [banking#9] 'withdraw'                     -> '取钱'                 | ipa="wid'dro:"
  item 0164 [banking#10] 'overdraw'                     -> '透支'                 | ipa="wid'dro:"
  item 0165 [banking#11] 'overdraft'                    -> '透支'                 | ipa='"suvodra:ft'
  item 0166 [banking#12] 'creditcard'                   -> '信用卡'               
  item 0167 [banking#13] 'credit limit'                 -> '信用额度'              
  item 0168 [banking#14] 'money'                        -> '钱'                  | ipa='‘mani'
  item 0169 [banking#15] 'password'                     -> '密码'                 | ipa='pa:swa:d'
  item 0170 [banking#16] 'internet'                     -> '网络'                 | ipa='inta:net'
  item 0171 [banking#17] 'internet service'             -> '网络服务'              
  item 0172 [banking#18] 'service charge'               -> '服务费'               
  item 0173 [banking#19] 'cover charge'                 -> '饭店等的)服务费'          
  item 0174 [banking#20] 'exchange rate'                -> '汇率'                
  item 0175 [banking#21] 'interest rate'                -> '利率'                
  item 0176 [banking#22] 'Joan'                         -> '贷款'                 | ipa='loun'
  item 0177 [banking#23] 'be on loan'                   -> '和暂借的'              
  item 0178 [banking#24] 'low-interest loan'            -> '低息贷款'              
  item 0179 [banking#25] 'no-interest loan'             -> '无息贷款'              
  item 0180 [banking#26] 'Kno Ml'                       -> '的发音很像，考试中注意区分这两个单词'
  item 0181 [banking#27] 'debt'                         -> '债务'                 | ipa='det'
  item 0182 [banking#28] 'statement'                    -> '银行对账单'              | ipa='‘stcitmont'
  item 0183 [banking#29] 'unit'                         -> '货币单位'               | ipa='junit'
  item 0184 [banking#30] 'bill'                         -> '钞票，账单'              | ipa='bil'
--- page 10 (mode=cached, 1517 chars) ---
  item 0185 [banking#31] 'fi, dollars'                  -> '写作$50'             
  item 0186 [banking#32] 'teller'                       -> '出纳员'                | ipa='tela'
  P10: cat#4 -> freshman (新生入学) | '4 新 生 入 学'
  item 0187 [freshman#1] 'facility'                     -> '设施'                 | ipa="fo'siliti"
  item 0188 [freshman#2] 'equipment'                    -> '设备'                 | ipa='i kwipmont'
  item 0189 [freshman#3] 'infrastructure'               -> '基础设施'               | ipa='infra,straktfo'
  item 0190 [freshman#4] 'accommodation'                -> '食宿'                 | ipa="3 koma'deifan"
  item 0191 [freshman#5] 'live on campus'               -> '住校内'               
  item 0192 [freshman#6] 'live off campus'              -> '住校外'               
  item 0193 [freshman#7] 'dining hall'                  -> '食堂'                
  item 0194 [freshman#8] 'cafeteria'                    -> '食堂，自助餐厅'           
  item 0195 [freshman#9] 'canteen'                      -> '食堂'                
  item 0196 [freshman#10] 'refectory'                    -> '食堂'                
  item 0197 [freshman#11] 'commonroom'                   -> '英)师生共用休息室'         
  item 0198 [freshman#12] 'restroom'                     -> '公共出所'               | ipa='restru:m'
--- page 11 (mode=cached, 1163 chars) ---
  item 0199 [freshman#13] 'main building'                -> '主楼'                
  item 0200 [freshman#14] 'mainhall'                     -> '大厅，大礼堂'            
  item 0201 [freshman#15] 'department'                   -> '学院'                 | ipa="di'pa:tmant"
  item 0202 [freshman#16] 'conference room'              -> '会议室'               
  item 0203 [freshman#17] 'lecture room'                 -> '阶梯教室'              
  item 0204 [freshman#18] 'lecture theatre'              -> '阶梯教室'              
  item 0205 [freshman#19] 'teaching building'            -> '教学楼'               
  item 0206 [freshman#20] 'administrating office'        -> '行政办公室'             
  item 0207 [freshman#21] 'faculty room'                 -> '教师办公室'             
  item 0208 [freshman#22] 'laboratory'                   -> '实验室'                | ipa='la "boretari'
  item 0209 [freshman#23] 'student union'                -> '学生会'               
  item 0210 [freshman#24] 'club'                         -> '学生俱乐部'              | ipa='klab'
  item 0211 [freshman#25] 'lavatory'                     -> '卫生间'                | ipa='‘leveteri'
  item 0212 [freshman#26] 'bathroom'                     -> '浴室，卫生间'             | ipa='be@rum'
  item 0213 [freshman#27] 'library'                      -> '网书馆'                | ipa='‘laibrori'
  item 0214 [freshman#28] 'reception'                    -> '接待处'                | ipa="ri'sepfon"
  item 0215 [freshman#29] 'language centre'              -> '语言中心'              
  item 0216 [freshman#30] 'computer laboratory'          -> '机房'                
  item 0217 [freshman#31] 'healthcare'                   -> '医院'                
  item 0218 [freshman#32] 'medical centre'               -> '医院'                
  item 0219 [freshman#33] 'lockerroom'                   -> '更衣室'               
  item 0220 [freshman#34] 'parking'                      -> '停车场'               
  item 0221 [freshman#35] 'car park'                     -> '停车场'               
  item 0222 [freshman#36] 'playground'                   -> '操场'                
  item 0223 [freshman#37] 'counselling centre'           -> '咨询中心'              
  item 0224 [freshman#38] 'career advice centre'         -> '就业咨询中心'            
  item 0225 [freshman#39] 'fitness centre'               -> '健身中心'              
  item 0226 [freshman#40] 'gym'                          -> '健身中心'               | ipa='dzim'
  item 0227 [freshman#41] 'sports centre'                -> '健身中心'              
  item 0228 [freshman#42] 'indoor'                       -> '室内的'                | ipa='indo:'
  item 0229 [freshman#43] 'indoor arena'                 -> '室内竞技场'             
  item 0230 [freshman#44] 'indoor stadium'               -> '室内体育馆'             
--- page 12 (mode=cached, 1235 chars) ---
  item 0231 [freshman#45] 'entertainment complex'        -> '综合娱乐中心'            
  item 0232 [freshman#46] 'apply'                        -> '申请'                 | ipa='3 plai'
  item 0233 [freshman#47] 'apply'                        -> '申请'                
  item 0234 [freshman#48] 'letter of recommendation'     -> '推荐信'               
  item 0235 [freshman#49] 'enrolin'                      -> '注册，登记，报道'          
  item 0236 [freshman#50] 'register'                     -> '注册，登记，报道'          
  item 0237 [freshman#51] 'sign up'                      -> '注册，登记，报道'          
  item 0238 [freshman#52] 'be cligible'                  -> '符合于.…，对...合格'      
  item 0239 [freshman#53] 'orientation'                  -> '新生入学培训，新员工培训'       | ipa=",o:rion'teifon"
  item 0240 [freshman#54] 'orientation'                  -> '报到日'               
  item 0241 [freshman#55] 'orientation week'             -> '入学周'               
  item 0242 [freshman#56] 'orientation tour'             -> '校园参观'              
  item 0243 [freshman#57] 'orientation talk'             -> '情况介绍'              
  item 0244 [freshman#58] 'welcome package'              -> '入学欢迎辞'             
  item 0245 [freshman#59] 'packing material'             -> '包装材料'              
  item 0246 [freshman#60] 'test'                         -> '测试'                 | ipa='test'
  item 0247 [freshman#61] 'placement test'               -> '分班测试'              
  item 0248 [freshman#62] 'test of leadership'           -> '领导才能的测试'           
  item 0249 [freshman#63] 'primary school'               -> '小学'                
  item 0250 [freshman#64] 'elementary school'            -> '小学'                
  item 0251 [freshman#65] 'pupil'                        -> '小学生，了瞳孔'            | ipa='pju:pol'
  item 0252 [freshman#66] 'secondary school'             -> '中学'                
  item 0253 [freshman#67] 'higher education'             -> '高等教育'              
  item 0254 [freshman#68] 'college'                      -> '大学，学院'              | ipa='‘kolidg'
  item 0255 [freshman#69] 'institute'                    -> '学院，研究所'             | ipa='‘institju:t'
  item 0256 [freshman#70] 'boarding school'              -> '寄笨学校'              
  item 0257 [freshman#71] 'tuition'                      -> '学费'                
  item 0258 [freshman#72] 'living cost'                  -> '生活费'               
--- page 13 (mode=cached, 1379 chars) ---
  item 0259 [freshman#73] 'expenditure'                  -> '花费，费用'              | ipa="ik'spenditfo"
  item 0260 [freshman#74] 'grant'                        -> '奖学金，助学金'            | ipa='gra:nt'
  item 0261 [freshman#75] 'scholarship'                  -> '奖学金'                | ipa='skolafip'
  item 0262 [freshman#76] 'Xno Mlow'                     -> '发音接近，考试中注意区分'      
  item 0263 [freshman#77] 'assistantship'                -> '助学金'                | ipa="o'sistont Jip"
  item 0264 [freshman#78] 'qualification'                -> '资格，资历，条件'           | ipa="kwolifi'keifon"
  item 0265 [freshman#79] 'undergraduate diploma'        -> '本科学历'              
  item 0266 [freshman#80] 'postgraduate diploma'         -> '研究生学历'             
  item 0267 [freshman#81] 'vocational diploma'           -> '职业学历证书'            
  item 0268 [freshman#82] 'associate diploma'            -> '专科学历'              
  item 0269 [freshman#83] 'degree'                       -> '学位'                 | ipa="di'gri:"
  item 0270 [freshman#84] 'bachelor’s degree'            -> '学士学位'              
  item 0271 [freshman#85] 'master’s degree'              -> '硕士学位'              
  item 0272 [freshman#86] 'doctor’s degree'              -> '博士学位'              
  item 0273 [freshman#87] 'applicant'                    -> '申请者'                | ipa='‘eplikont'
  item 0274 [freshman#88] 'deputy'                       -> '代表'                 | ipa='‘depjuti'
  item 0275 [freshman#89] 'student representative'       -> '学生代表'              
  item 0276 [freshman#90] 'local student'                -> '当地学生'              
  item 0277 [freshman#91] 'resident student'             -> '当地学生'              
  item 0278 [freshman#92] 'domestic student'             -> '当地学生'              
  item 0279 [freshman#93] 'overseas student'             -> '留学生'               
  item 0280 [freshman#94] 'international student'        -> '国际学生'              
  item 0281 [freshman#95] 'transfer student'             -> '转校生'               
  item 0282 [freshman#96] 'adult student'                -> '成年学生'              
  item 0283 [freshman#97] 'mature student'               -> '成年学生'              
  item 0284 [freshman#98] 'undergraduate'                -> '本科生'                | ipa=",ando'gradzuit"
  item 0285 [freshman#99] 'postgraduate'                 -> '研究生'                | ipa=",paust'gradjuit"
--- page 14 (mode=cached, 893 chars) ---
  item 0286 [freshman#100] 'second-year student'          -> '大二学后〈英'            
  item 0287 [freshman#101] 'junior'                       -> '大三学生'               | ipa='dyu:nia'
  item 0288 [freshman#102] 'third-ycar student'           -> '大三学生'              
  item 0289 [freshman#103] 'senior'                       -> '大四学生'               | ipa='sinio'
  item 0290 [freshman#104] 'forth-year student'           -> '大四学生'              
  item 0291 [freshman#105] 'full-time student'            -> '全日制学生'             
  item 0292 [freshman#106] 'part-time student'            -> '兼职学生'              
  P14: cat#5 -> school-life (学校生活) | '5 学 校生 活'
  item 0293 [school-life#1] 'major'                        -> '专业'                 | ipa='‘meidza'
  item 0294 [school-life#2] 'major'                        -> '主修'                
  item 0295 [school-life#3] 'specialise'                   -> '专攻，主修'             
  item 0296 [school-life#4] 'subject'                      -> '专业'                 | ipa='sAbdzikt'
  item 0297 [school-life#5] 'specialty'                    -> '专业'                 | ipa='‘spefalti'
  item 0298 [school-life#6] 'sku'                          -> '学院'                
  item 0299 [school-life#7] 'school ofAns'                 -> '文学院'               
  item 0300 [school-life#8] 'school of Sciences'           -> '理学院'               
  item 0301 [school-life#9] 'school of'                    -> '法学院'               
  item 0302 [school-life#10] 'department store'             -> '百货公司'              
  item 0303 [school-life#11] 'division'                     -> '部门'                 | ipa="di'vizgon"
--- page 15 (mode=cached, 1187 chars) ---
  item 0304 [school-life#12] 'compulsory course'            -> '必修课'               
  item 0305 [school-life#13] 'required course'              -> '必修课'               
  item 0306 [school-life#14] 'selective course'             -> '选修课'               
  item 0307 [school-life#15] 'optional course'              -> '选修课'               
  item 0308 [school-life#16] 'modular course'               -> '单元课程'              
  item 0309 [school-life#17] 'advanced course'              -> '高级课程'              
  item 0310 [school-life#18] 'intermediate course'          -> '中级课程'              
  item 0311 [school-life#19] 'beginning course'             -> '初级课程'              
  item 0312 [school-life#20] 'basic course'                 -> '入门课程'              
  item 0313 [school-life#21] 'intensive course'             -> '强化课'               
  item 0314 [school-life#22] 'refresher course'             -> '进修课'               
  item 0315 [school-life#23] 'specialised course'           -> '去业课'               
  item 0316 [school-life#24] 'extra-curriculum'             -> '课外'                
  item 0317 [school-life#25] 'extra-curriculum activity'    -> '课外活动'              
  item 0318 [school-life#26] 'after-school activity'        -> '课外活动'              
  item 0319 [school-life#27] 'lecture'                      -> '授课'                 | ipa='Icktfo'
  item 0320 [school-life#28] 'workshop'                     -> '研讨会'                | ipa='‘wa:kfop'
  item 0321 [school-life#29] 'tutorial'                     -> '个人辅导课程'             | ipa="tju:'to:rial"
  item 0322 [school-life#30] 'group discussion'             -> '小组讨论'              
  item 0323 [school-life#31] 'syllabus'                     -> '教学大纲'               | ipa='silobas'
  item 0324 [school-life#32] 'study'                        -> '学习，研究'              | ipa='stadi'
  item 0325 [school-life#33] 'environmental studies'        -> '环境学'               
  item 0326 [school-life#34] 'business studies'             -> '商业研究'              
  item 0327 [school-life#35] 'Advanced English Studies'     -> '高级英语学'             
  item 0328 [school-life#36] 'case study'                   -> '案例分析'              
  item 0329 [school-life#37] 'study aids'                   -> '教具'                
  item 0330 [school-life#38] 'term'                         -> '学期'                 | ipa='te:m'
  item 0331 [school-life#39] 'end of term'                  -> '学期末'               
  item 0332 [school-life#40] 'an academic year'             -> '一学年'               
  item 0333 [school-life#41] 'academic study'               -> '学术研究'              
  item 0334 [school-life#42] 'academic circle'              -> '学术界'               
  item 0335 [school-life#43] 'academic record'              -> '学习成绩'              
  item 0336 [school-life#44] 'academic writing'             -> '学术著作'              
  item 0337 [school-life#45] 'discipline'                   -> '学科'                 | ipa='‘disiplin'
--- page 16 (mode=cached, 1062 chars) ---
  item 0338 [school-life#46] 'psychology'                   -> '心理学'                | ipa='sai kolod3i'
  item 0339 [school-life#47] 'psychologist'                 -> '心理学家'               | ipa='sai’kolodzist'
  item 0340 [school-life#48] 'psychological'                -> '心里的'                | ipa="saika'lodzikal"
  item 0341 [school-life#49] 'psychological problem'        -> '心里问题'              
  item 0342 [school-life#50] 'geological feature'           -> '地质特征'              
  item 0343 [school-life#51] 'biology'                      -> '生物学'                | ipa="bai'slodzi"
  item 0344 [school-life#52] 'archacology'                  -> '考古学'                | ipa=',a:ki‘slodzi'
  item 0345 [school-life#53] 'linguistics'                  -> '语言学'                | ipa='lin gwistiks'
  item 0346 [school-life#54] 'sociolinguistics'             -> '社会语言学'              | ipa=",soufioulin'gwistiks"
  item 0347 [school-life#55] 'statistics'                   -> '统计学'                | ipa="sto'tistiks"
  item 0348 [school-life#56] 'economy'                      -> '经济'                 | ipa="i'konomi"
  item 0349 [school-life#57] 'economic'                     -> '经济的'                | ipa="i:ko'nomik"
  item 0350 [school-life#58] 'economical'                   -> '节俭的，合算的'            | ipa='i:ko’nomikal'
--- page 17 (mode=cached, 1757 chars) ---
  item 0351 [school-life#59] 'physics'                      -> '物理学'                | ipa='fiziks'
  item 0352 [school-life#60] 'literature review'            -> '文献综述'              
  item 0353 [school-life#61] 'architect'                    -> '建筑师'                | ipa='qikitekt'
  item 0354 [school-life#62] 'agriculture'                  -> '农学'                 | ipa='egrikaltfo'
  item 0355 [school-life#63] 'marketing'                    -> '市场营销学'              | ipa='ma:kitiD'
  item 0356 [school-life#64] 'marketing management'         -> '市场营销学'             
  item 0357 [school-life#65] 'accounting'                   -> '会计学'                | ipa='3 kauntin'
  item 0358 [school-life#66] 'accountancy'                  -> '会计学'                | ipa='skauntensi'
  item 0359 [school-life#67] 'accountant'                   -> '会计'                 | ipa="a'kauntont"
  item 0360 [school-life#68] 'computing'                    -> '计算机'                | ipa="kom'pju:t"
  item 0361 [school-life#69] 'philosophy'                   -> '哲学'                 | ipa="fi'losefi"
  item 0362 [school-life#70] 'geography'                    -> '地理'                 | ipa="d3i'ografi"
  item 0363 [school-life#71] 'financial'                    -> '财政的，金融的'            | ipa="fo'nzenfal"
  item 0364 [school-life#72] 'local history'                -> '当地历史'              
  item 0365 [school-life#73] 'medical history'              -> '疾疙风'               
  item 0366 [school-life#74] 'historical interest'          -> '名胜古迹'              
  item 0367 [school-life#75] "environment {in'"             -> '环境'                
  item 0368 [school-life#76] 'environmental'                -> '环境的'                | ipa="in vaisran'mentl"
  item 0369 [school-life#77] 'environmental studies'        -> '环境学'               
--- page 18 (mode=cached, 1286 chars) ---
  item 0370 [school-life#78] 'environmental-friendly'       -> '环保的'               
  item 0371 [school-life#79] 'business'                     -> '商学'                 | ipa='biznis'
  item 0372 [school-life#80] 'international business'       -> '国际贸易'              
  item 0373 [school-life#81] 'paper'                        -> '论文'                 | ipa='peips'
  item 0374 [school-life#82] 'dissertation'                 -> '毕业论文，博士论文'          | ipa="diso'teifon"
  item 0375 [school-life#83] 'dissertation tutorial'        -> '论文辅导'              
  item 0376 [school-life#84] 'ri po:t'                      -> '报告'                
  item 0377 [school-life#85] 'report writing'               -> '报告撰写'              
  item 0378 [school-life#86] 'reporter'                     -> '记者'                 | ipa="ri'po:ta"
  item 0379 [school-life#87] 'conference reports'           -> '会议报告'              
  item 0380 [school-life#88] 'study report'                 -> '研究报告'              
  item 0381 [school-life#89] 'academic report'              -> '学术报告'              
  item 0382 [school-life#90] 'annual report'                -> '年度报告'              
  item 0383 [school-life#91] 'report to'                    -> '报警'                
  item 0384 [school-life#92] 'case study'                   -> '案例分析'              
  item 0385 [school-life#93] 'written work'                 -> '书面作业'              
  item 0386 [school-life#94] 'oral work'                    -> '口头作业'              
  item 0387 [school-life#95] 'course work'                  -> '课程作业'              
  item 0388 [school-life#96] 'Introduction'                 -> '序言，导论。这部分主要包含整片文章内容的概括'
--- page 19 (mode=cached, 1259 chars) ---
  item 0389 [school-life#97] 'Mecthodology DRE. ik ial EH method' -> '演必过来的，大家可'         
  item 0390 [school-life#98] 'Conclusion'                   -> '结论。对文章进行总结，也可提出一些文章的局限性'
  item 0391 [school-life#99] 'index'                        -> '六索引'                | ipa='indeks'
  item 0392 [school-life#100] 'keyword'                      -> '关键词'                | ipa='ki:wo:d'
  item 0393 [school-life#101] 'summary'                      -> '概要'                 | ipa='‘samori'
  item 0394 [school-life#102] 'summarise'                    -> '总结'                 | ipa='’samoraiz'
  item 0395 [school-life#103] 'title'                        -> '标题'                
  item 0396 [school-life#104] 'subtitle'                     -> '副标题，字幕'             | ipa='sAb taitl'
  item 0397 [school-life#105] 'subheading'                   -> '副标题'                | ipa='sab hedin'
  item 0398 [school-life#106] 'outline'                      -> '提纲'                 | ipa='autlain'
  item 0399 [school-life#107] 'handout'                      -> '讲义'                 | ipa='handaut'
  item 0400 [school-life#108] 'teaching material'            -> '讲义'                
  item 0401 [school-life#109] 'worksheet'                    -> '工作记录表'              | ipa='wa:kfi:t'
  item 0402 [school-life#110] 'theoretical background'       -> '理论背景'              
  item 0403 [school-life#111] 'purpose'                      -> '目的'                 | ipa='pa:pas'
  item 0404 [school-life#112] 'goal'                         -> '目的'                 | ipa='goul'
  item 0405 [school-life#113] 'area'                         -> '部分'                 | ipa='seri3'
  item 0406 [school-life#114] 'review Im'                    -> '评论'                
  item 0407 [school-life#115] 'review of literature'         -> '文献综述'              
  item 0408 [school-life#116] 'teaching method'              -> '教学方法'              
--- page 20 (mode=cached, 1194 chars) ---
  item 0409 [school-life#117] 'assessment method'            -> '评估方法'              
  item 0410 [school-life#118] 'payment method'               -> '付款方式'              
  item 0411 [school-life#119] 'selection method'             -> '选择方法'              
  item 0412 [school-life#120] 'research method'              -> '研究方法'              
  item 0413 [school-life#121] 'key approach'                 -> '主要方法'              
  item 0414 [school-life#122] 'skill'                        -> '方法，技巧'              | ipa='ski:'
  item 0415 [school-life#123] 'tactic'                       -> '战略，技巧'              | ipa='‘tacktik'
  item 0416 [school-life#124] 'reference material'           -> '参考资料'              
  item 0417 [school-life#125] 'reference list'               -> '参考书日'              
  item 0418 [school-life#126] 'well-organised'               -> '结构很好'              
  item 0419 [school-life#127] 'presentation'                 -> '演讲'                 | ipa="prezon'teifon"
  item 0420 [school-life#128] 'presentation skill'           -> '演讲技巧'              
  item 0421 [school-life#129] 'white board'                  -> '白板'                
  item 0422 [school-life#130] 'draft'                        -> '草稿'                 | ipa='dra:ft'
  item 0423 [school-life#131] 'duration'                     -> '期限'                 | ipa="djuo'reifon"
  item 0424 [school-life#132] 'due'                          -> '到期的'                | ipa='dju:'
  item 0425 [school-life#133] 'due date'                     -> '到期日'               
  item 0426 [school-life#134] 'be'                           -> '到期'                
  item 0427 [school-life#135] "overdue auve'dju"             -> '过期的'               
  item 0428 [school-life#136] 'extension'                    -> '/延期'                | ipa="ik'stenfon"
--- page 21 (mode=cached, 879 chars) ---
  item 0429 [school-life#137] 'word'                         -> '字数'                 | ipa='wo:d'
  item 0430 [school-life#138] 'word limit'                   -> '字数要求'              
  item 0431 [school-life#139] 'subject'                      -> '主题'                 | ipa='sabdgikt'
  item 0432 [school-life#140] 'transcript'                   -> '成绩单'                | ipa='treenskript'
  item 0433 [school-life#141] "credit f'"                    -> '学分'                
  item 0434 [school-life#142] 'transfer credit'              -> '转学分'               
  item 0435 [school-life#143] 'credit system'                -> '学分制'               
  item 0436 [school-life#144] 'mark'                         -> '分数'                 | ipa='ina:k'
  item 0437 [school-life#145] "evaluation {i,valju'"         -> '评佑'                
  item 0438 [school-life#146] 'participation'                -> '出勤'                 | ipa="pa: tisi'peifan"
  item 0439 [school-life#147] 'attendance'                   -> '/出勤率'               | ipa="o'tendons"
--- page 22 (mode=cached, 977 chars) ---
  item 0440 [school-life#148] 'placement test'               -> '分班考试'              
  item 0441 [school-life#149] 'quiz'                         -> '六课堂小测试'             | ipa='kwiz'
  item 0442 [school-life#150] 'honour'                       -> '优秀'                 | ipa='ono'
  item 0443 [school-life#151] 'fail'                         -> '不及格'                | ipa='feil'
  item 0444 [school-life#152] 'fail the exam'                -> '挂料'                
  item 0445 [school-life#153] 'failure'                      -> '不及格'                | ipa='‘feilja'
  item 0446 [school-life#154] 'risitl'                       -> '补考'                
  item 0447 [school-life#155] 'sitin'                        -> '试听'                
  item 0448 [school-life#156] 'drop-out'                     -> '辍学'                
  item 0449 [school-life#157] 'drop-out rate'                -> '辍学率'               
  item 0450 [school-life#158] 'incomplete'                   -> '未完成的'               | ipa=",inkam'pli:t"
  item 0451 [school-life#159] 'proofread'                    -> '校对'                 | ipa='pru:f ri:d'
  item 0452 [school-life#160] 'data'                         -> '数据'                 | ipa='‘deito'
  item 0453 [school-life#161] 'data analysis'                -> '数据分析'              
  item 0454 [school-life#162] 'database'                     -> '数据库'               
  item 0455 [school-life#163] 'collect data'                 -> '收集数据'              
  item 0456 [school-life#164] 'survey'                       -> '调查研究'               | ipa='‘sa:vei'
  item 0457 [school-life#165] 'investigation'                -> '调查研究'               | ipa="in vesti'geifon"
--- page 23 (mode=cached, 1461 chars) ---
  item 0458 [school-life#166] 'research methodology'         -> '研究方法'              
  item 0459 [school-life#167] 'research instrument'          -> '研究手段'              
  item 0460 [school-life#168] 'research results'             -> '研究结果'              
  item 0461 [school-life#169] 'independent research'         -> '独立研究'              
  item 0462 [school-life#170] 'scientific research'          -> '科学研究'              
  item 0463 [school-life#171] 'interview nA'                 -> '采访'                 | ipa='‘intevju:'
  item 0464 [school-life#172] 'face-to-face interview'       -> '面对面采访'             
  item 0465 [school-life#173] 'telephone interview'          -> '电话访问'              
  item 0466 [school-life#174] 'fieldtrip'                    -> '实地考察'              
  item 0467 [school-life#175] 'sample'                       -> '抽样样本'               | ipa='‘sempl'
  item 0468 [school-life#176] 'interviewer'                  -> '采访者，面试官'            | ipa='intevju:o'
  item 0469 [school-life#177] 'interviewee'                  -> '受访者'                | ipa='intarvju:i:'
  item 0470 [school-life#178] 'respondent'                   -> '回答者'                | ipa="ri'spondont"
  item 0471 [school-life#179] 'participant'                  -> '参与者'                | ipa="pda''tisipsnt"
  item 0472 [school-life#180] 'random selection'             -> '随机挑选'              
  item 0473 [school-life#181] 'eimjn'                        -> '目的'                
  item 0474 [school-life#182] 'headmaster'                   -> '中小学)校区'             | ipa='hed’ ma:sto'
  item 0475 [school-life#183] 'vice-president'               -> '副校长'               
  item 0476 [school-life#184] 'dean'                         -> '系主任，学院院长'           | ipa='di:n'
  item 0477 [school-life#185] 'professor'                    -> '/教授'                | ipa="pra'fesa"
  item 0478 [school-life#186] 'associate professor'          -> '副教授'               
--- page 24 (mode=cached, 965 chars) ---
  item 0479 [school-life#187] 'assistant professor'          -> '助理教授'              
  item 0480 [school-life#188] 'tutor'                        -> '导师'                 | ipa='iu:te'
  item 0481 [school-life#189] 'tutorial'                     -> '辅导课程'               | ipa='tjusto:riol'
  item 0482 [school-life#190] 'chancellor'                   -> '名誉校长，教育官员'          | ipa='Ua:nsolo'
  item 0483 [school-life#191] 'advisor'                      -> '导师'                 | ipa="ed'vaize"
  item 0484 [school-life#192] 'mentor'                       -> '导师'                 | ipa='mcnte'
  item 0485 [school-life#193] 'instructor'                   -> '讲师，教师'              | ipa="in'strakto"
  item 0486 [school-life#194] 'head'                         -> '主任'                 | ipa='hed'
  item 0487 [school-life#195] 'counselor'                    -> '顾问'                 | ipa='‘kaunsalo'
  item 0488 [school-life#196] 'consultant'                   -> '顾问'                 | ipa="kon'saltont"
  item 0489 [school-life#197] 'expert'                       -> '专家'                 | ipa='‘ekspa:t'
  item 0490 [school-life#198] 'expertise'                    -> '专业知识'               | ipa="ekspo:'ti:z"
  item 0491 [school-life#199] 'specialist knowledge'         -> '专业知识'              
  item 0492 [school-life#200] 'teaching assistant'           -> '助教'                
  item 0493 [school-life#201] 'office assistant'             -> '办公室助理'             
  item 0494 [school-life#202] 'research assistant'           -> '研究助理'              
  item 0495 [school-life#203] 'library assistant'            -> '图书馆员'              
  item 0496 [school-life#204] 'sta:f'                        -> '全体员工'              
  item 0497 [school-life#205] 'staff member'                 -> '职员'                
  item 0498 [school-life#206] 'faculty'                      -> '全体教员'               | ipa='‘fekolti'
  P24: cat#6 -> library (图书馆场景) | '6 图 书馆 场景'
  item 0499 [library#1] 'newspaper'                    -> '报纸'                 | ipa='‘nju:s peipa'
  item 0500 [library#2] 'paper'                        -> '报纸'                 | ipa='‘peipa'
  item 0501 [library#3] 'local paper'                  -> '地方性报纸'             
  item 0502 [library#4] 'national paper'               -> '国家性报纸'             
  item 0503 [library#5] 'videotape'                    -> '录像带'               
--- page 25 (mode=cached, 1350 chars) ---
  item 0504 [library#6] 'magazine'                     -> '杂志'                 | ipa='msgo zin'
  item 0505 [library#7] 'journal'                      -> '期刊，杂志'              | ipa='‘dgo:nol'
  item 0506 [library#8] 'journal article'              -> '期刊论文'              
  item 0507 [library#9] 'journalism'                   -> '新闻业'                | ipa='"dzonalizom'
  item 0508 [library#10] 'bound volume'                 -> '合订本'               
  item 0509 [library#11] 'biography'                    -> '传记'                 | ipa="bai'ogrofi"
  item 0510 [library#12] 'textbook'                     -> '课本，教科书'             | ipa='‘tekstbuk'
  item 0511 [library#13] 'key textbook'                 -> '核心教科书'             
  item 0512 [library#14] 'current issue'                -> '现期期刊'              
  item 0513 [library#15] 'back issue'                   -> '过期期刊'              
  item 0514 [library#16] 'reference materials'          -> '参考资料'              
  item 0515 [library#17] 'reference book'               -> '参考书'               
  item 0516 [library#18] 'reference resources'          -> '人参考资料'             
  item 0517 [library#19] 'fiction'                      -> '小说'                 | ipa='fikfan'
  item 0518 [library#20] 'novel'                        -> '小说'                 | ipa='‘noval'
  item 0519 [library#21] 'short story'                  -> '小说'                
  item 0520 [library#22] "librarian {lai'"              -> '图书管理员'             
  item 0521 [library#23] 'information desk'             -> '问讯处'               
  item 0522 [library#24] 'inquiry desk'                 -> '问讯处'               
  item 0523 [library#25] 'delivery desk'                -> '借书台'               
  item 0524 [library#26] 'circulation desk'             -> '借书台'               
  item 0525 [library#27] 'seference section'            -> '参考书部'              
  item 0526 [library#28] 'ry card index'                -> '凸片索引'              
  item 0527 [library#29] 'classification'               -> '分类'                 | ipa="klesifi'keifon"
  item 0528 [library#30] 'category'                     -> '六种类，类别'             | ipa='‘katigori'
  item 0529 [library#31] 'close shelves'                -> '内架书库'              
  item 0530 [library#32] 'reference stack'              -> '工具书库'              
--- page 26 (mode=cached, 1059 chars) ---
  item 0531 [library#33] 'audio-visual resource centre' -> '视听资料室-'            
  item 0532 [library#34] 'photocopy room'               -> '复印室'               
  item 0533 [library#35] 'photocopier'                  -> '复印机'                | ipa='feute kopio'
  item 0534 [library#36] 'copy machine'                 -> '复印机'               
  item 0535 [library#37] 'copier'                       -> '复印机'                | ipa='kopis'
  item 0536 [library#38] 'color copicr'                 -> '彩色打印机'             
  item 0537 [library#39] 'printer'                      -> '打印机'                | ipa='printe'
  item 0538 [library#40] 'laptop'                       -> '笔记本电脑'              | ipa='aptop'
  item 0539 [library#41] 'scanner'                      -> '扫描仪'                | ipa='skeeno'
  item 0540 [library#42] 'interlibrary service'         -> '图书馆及服务'            
  item 0541 [library#43] 'internet access'              -> '网络接入'              
  item 0542 [library#44] 'digital system'               -> '数字系统'              
  item 0543 [library#45] 'computer terminal'            -> '电脑终端'              
  item 0544 [library#46] 'publisher'                    -> '出版者，发行人'            | ipa='pablifo'
  item 0545 [library#47] 'press'                        -> '出版社，新闻'             | ipa='pres'
  item 0546 [library#48] 'press conference'             -> '新闻发布会'             
  item 0547 [library#49] 'Oxford University Press'      -> '牛津大学出版社'           
  item 0548 [library#50] 'Cambridge University Press'   -> '剑桥大学出版社'           
  item 0549 [library#51] 'library card'                 -> '借书卡'               
  item 0550 [library#52] 'admission card'               -> '借书卡'               
  item 0551 [library#53] 'passport photo'               -> '护照照片'              
--- page 27 (mode=cached, 1213 chars) ---
  item 0552 [library#54] 'bank statement'               -> '银行对账单'             
  item 0553 [library#55] 'student card'                 -> '学生证'               
  item 0554 [library#56] 'callslip'                     -> '索书单'               
  item 0555 [library#57] 'checklist pek'                -> '选忆清单'              
  item 0556 [library#58] 'index'                        -> '索引'                 | ipa='indcks'
  item 0557 [library#59] 'bibliography'                 -> '参考文献'               | ipa="bibli'ografi"
  item 0558 [library#60] 'available'                    -> '可借阅的，可利用的'          | ipa="a'veilabal"
  item 0559 [library#61] 'onthe shelf'                  -> '在书架上'              
  item 0560 [library#62] 'loan 2A'                      -> '借出'                 | ipa='loun'
  item 0561 [library#63] 'out on loan'                  -> '已供出'               
  item 0562 [library#64] 'loan period'                  -> '截止日期'              
  item 0563 [library#65] 'circulation'                  -> '流通'                 | ipa=",so:kju'leifon"
  item 0564 [library#66] 'reserved in circulation'      -> '在书库里'              
  item 0565 [library#67] 'not for circulation'          -> '不外借'               
  item 0566 [library#68] 'reserve'                      -> '预订'                 | ipa='ri‘za:v'
  item 0567 [library#69] 'reserve section'              -> '预借书库'              
  item 0568 [library#70] 'closed reserve'               -> '非外借书库'             
  item 0569 [library#71] 'book in advance'              -> '预借'                
  item 0570 [library#72] 'checkout'                     -> '登记借出'              
  item 0571 [library#73] 'issue'                        -> '借〈书'                | ipa='ifu:, ‘isju:'
  item 0572 [library#74] 'renew'                        -> '续借，更新'              | ipa='inju:'
  item 0573 [library#75] 'renew the book'               -> '续借这本书'             
  item 0574 [library#76] 'require'                      -> '要求'                 | ipa='rikwais'
  item 0575 [library#77] 'recall system'                -> '召回系统'              
  item 0576 [library#78] "ri'ta:njn"                    -> '归还'                
  item 0577 [library#79] 'return in time'               -> '及时归还'              
  item 0578 [library#80] 'return within working days'   -> '个工作日内归还'           
  item 0579 [library#81] 'expiry date'                  -> '鹤止日期'              
  item 0580 [library#82] 'overdue book'                 -> '过期的书'              
  item 0581 [library#83] 'date slip'                    -> '借书期期限'             
  item 0582 [library#84] 'fine'                         -> '罚单'                 | ipa='fain'
  item 0583 [library#85] 'fine system'                  -> '衣款制度'              
  item 0584 [library#86] 'pay the fine'                 -> '支付罚单'              
--- page 28 (mode=cached, 1706 chars) ---
  P28: cat#7 -> medical (医疗场景) | '7 医疗 场景'
  item 0585 [medical#1] 'campus clinic'                -> '学校医务室'             
  item 0586 [medical#2] 'medical centre'               -> '医疗中心'              
  item 0587 [medical#3] 'health centre'                -> '医疗中心'              
  item 0588 [medical#4] 'pharmacy'                     -> '药店'                 | ipa='‘fa:mosi'
  item 0589 [medical#5] 'drugstore'                    -> '”药店'                | ipa='dragsto:'
  item 0590 [medical#6] 'community hospital'           -> '社区医院'              
  item 0591 [medical#7] 'general practitioner'         -> '全科医师，家庭医生'         
  item 0592 [medical#8] 'doctor'                       -> '医生'                 | ipa='’dokto'
  item 0593 [medical#9] 'send for a doctor'            -> '请医生'               
  item 0594 [medical#10] 'register with a doctor'       -> '注册一个医生'            
  item 0595 [medical#11] 'physician'                    -> '内科医生'               | ipa="fi'zifon"
  item 0596 [medical#12] 'surgeon'                      -> '外科医生'               | ipa="「'so:dzon"
  item 0597 [medical#13] 'oculist'                      -> '了腿科医生'              | ipa='‘okjulist'
  item 0598 [medical#14] 'eye doctor'                   -> '眼科医生'              
--- page 29 (mode=cached, 1362 chars) ---
  item 0599 [medical#15] 'shrink'                       -> '心理医生'               | ipa='fink'
  item 0600 [medical#16] 'specialist knowledge'         -> '专业知识'              
  item 0601 [medical#17] 'nurse'                        -> '护士'                 | ipa='na:s'
  item 0602 [medical#18] 'nursery'                      -> '托儿所，育幼院'            | ipa='ne:ssri'
  item 0603 [medical#19] 'psychiatrist'                 -> '精神病医学家'             | ipa="sai'kaiatrist"
  item 0604 [medical#20] 'patient'                      -> '病人，耐心的'             | ipa='pcifsnt'
  item 0605 [medical#21] 'make an appointment'          -> '预约'                
  item 0606 [medical#22] 'appointment system'           -> '预约系统'              
  item 0607 [medical#23] 'ambulance'                    -> '救护车'                | ipa='‘embjulons'
  item 0608 [medical#24] 'check-up'                     -> '体检'                
  item 0609 [medical#25] 'physical cxamination'         -> '健康检查'              
  item 0610 [medical#26] 'charge'                       -> '收费'                 | ipa='tfa:d3'
  item 0611 [medical#27] 'cancer'                       -> '癌症'                 | ipa='‘kaenso'
  item 0612 [medical#28] 'liver trouble'                -> '肝病'                
  item 0613 [medical#29] 'influenza'                    -> '感冒'                 | ipa=",influ'cnza"
  item 0614 [medical#30] 'fever'                        -> '发烧'                 | ipa='‘fi:va'
  item 0615 [medical#31] 'have fever'                   -> '发烧'                
--- page 30 (mode=cached, 1145 chars) ---
  item 0616 [medical#32] 'yellow fever'                 -> '黄热病'               
  item 0617 [medical#33] 'temperature'                  -> '温度'                 | ipa='temp(o)ritfo'
  item 0618 [medical#34] 'have temperature'             -> '发烧'                
  item 0619 [medical#35] 'take one’s temperature'       -> '量体温'               
  item 0620 [medical#36] 'food allergy'                 -> '食物过敏'              
  item 0621 [medical#37] 'be allergic'                  -> '对.过敏'              
  item 0622 [medical#38] 'poison'                       -> '毒药，使中毒'             | ipa='poizon'
  item 0623 [medical#39] 'food poisoning'               -> '食物中毒'              
  item 0624 [medical#40] 'eyesight aisait'              -> '视力'                
  item 0625 [medical#41] 'bad/poor eyesight'            -> '视力不好'              
  item 0626 [medical#42] 'heart disease'                -> '心脏病'               
  item 0627 [medical#43] 'heart attack'                 -> '心脏病发作'             
  item 0628 [medical#44] 'injury'                       -> '受伤'                 | ipa='indgori'
  item 0629 [medical#45] 'wound'                        -> '伤口'                 | ipa='wu:nd'
  item 0630 [medical#46] 'symptom'                      -> '”症状'                | ipa='simptem'
  item 0631 [medical#47] 'cough nA'                     -> '咳嗽'                 | ipa='kof'
  item 0632 [medical#48] 'stuffed nose'                 -> '鼻塞'                
  item 0633 [medical#49] 'epidemic'                     -> '流行的'                | ipa=",epi'demik"
  item 0634 [medical#50] 'epidemic disease'             -> '流行疾病'              
  item 0635 [medical#51] 'pulse'                        -> '脉搏'                 | ipa='pals'
  item 0636 [medical#52] 'feel one’s pulse'             -> '量脉搏'               
  item 0637 [medical#53] 'pressure'                     -> '血压'                 | ipa='prefo'
  item 0638 [medical#54] 'high blood pressure'          -> '高血压'               
--- page 31 (mode=cached, 1191 chars) ---
  item 0639 [medical#55] 'remedy'                       -> '六、药物，治疗法'           | ipa='remidi'
  item 0640 [medical#56] 'therapy'                      -> '治疗'                 | ipa='9eropi'
  item 0641 [medical#57] 'treatment'                    -> '治疗'                 | ipa='tri:tmant'
  item 0642 [medical#58] 'relaxation therapy'           -> '放松疗法'              
  item 0643 [medical#59] 'diagnose'                     -> '诊断'                 | ipa='‘daiagneuz'
  item 0644 [medical#60] 'exercise nA'                  -> '锻炼'                 | ipa='‘cksasaiz'
  item 0645 [medical#61] 'medicine'                     -> '药物'                 | ipa='medisin'
  item 0646 [medical#62] 'painkiller'                   -> '止痛片'                | ipa='‘pein, kilo'
  item 0647 [medical#63] 'drop'                         -> '滴剂'                 | ipa='drop'
  item 0648 [medical#64] 'eyedrops'                     -> '眼药水'                | ipa='ai,drop'
  item 0649 [medical#65] 'vaccine'                      -> '疫苗'                 | ipa='veksi:n'
  item 0650 [medical#66] 'injection of vaccine'         -> '注射疫苗'              
  P31: cat#8 -> interview (面试就职) | '8. 面试 就 职'
  item 0651 [interview#1] 'interview'                    -> '儿面试'                | ipa='intayju:'
  item 0652 [interview#2] "interviewee intorvju:'i"      -> '被面试者'              
  item 0653 [interview#3] 'candidate'                    -> '候选人'                | ipa='‘kzndideit'
  item 0654 [interview#4] 'recruit nA'                   -> '招聘'                 | ipa="ri'kru:t"
  item 0655 [interview#5] 'hire'                         -> '雇用'                 | ipa='‘haio'
  item 0656 [interview#6] 'be sacked/ get the sack'      -> '被解雇'               
  item 0657 [interview#7] 'employment'                   -> '雇用'                 | ipa="im'ploimont"
  item 0658 [interview#8] 'unemployment'                 -> '六失业，失业人数'           | ipa="anim'ploimant"
  item 0659 [interview#9] 'unemployment rate'            -> '失业率'               
  item 0660 [interview#10] 'self-employment'              -> '自主创业'              
--- page 32 (mode=cached, 1191 chars) ---
  item 0661 [interview#11] 'retire'                       -> '退休'                 | ipa='ri‘taio'
  item 0662 [interview#12] 'retirement'                   -> '退休'                 | ipa="ri'taiomant"
  item 0663 [interview#13] 'job hunter'                   -> '求职者'               
  item 0664 [interview#14] 'job seeker'                   -> '求职者'               
  item 0665 [interview#15] 'job prospect'                 -> '工作前景'              
  item 0666 [interview#16] 'pressure'                     -> '压力'                 | ipa='prefa'
  item 0667 [interview#17] 'strain'                       -> '压力'                 | ipa='strein'
  item 0668 [interview#18] 'salary'                       -> '薪水'                 | ipa='szlori'
  item 0669 [interview#19] 'payment'                      -> '工资'                 | ipa='peiment'
  item 0670 [interview#20] 'well-paid'                    -> '高工资的'              
  item 0671 [interview#21] 'incentive'                    -> '奖励'                 | ipa='in sentiv'
  item 0672 [interview#22] 'rewarding'                    -> '有回报的，有报酬的'          | ipa="ri'wo:din"
  item 0673 [interview#23] 'nominate'                     -> '提名，委任'              | ipa='nomineit'
  item 0674 [interview#24] 'promote'                      -> '升职'                 | ipa="pre' meut"
  item 0675 [interview#25] 'get promoted'                 -> '被升职'               
  item 0676 [interview#26] 'accomplish'                   -> '完成'                 | ipa="o'kamplif"
  item 0677 [interview#27] 'experience'                   -> '经验，经历'              | ipa="ik'spiorions"
  item 0678 [interview#28] 'application form'             -> '中请表'               
  item 0679 [interview#29] 'CV'                           -> '履历'                
  item 0680 [interview#30] 'resume'                       -> '简历'                 | ipa='rezju:mei'
  item 0681 [interview#31] 'letter'                       -> '信'                  | ipa='leto'
  item 0682 [interview#32] 'recommendation letter'        -> '推荐信'               
  item 0683 [interview#33] 'cover letter'                 -> '求职信'               
  item 0684 [interview#34] 'reference'                    -> '推荐信'                | ipa='‘reforons'
  item 0685 [interview#35] 'letter of reference'          -> '推荐信'               
  item 0686 [interview#36] 'probation'                    -> '见习，试用期'             | ipa="pre'beifon"
  item 0687 [interview#37] 'intern'                       -> '实习生'                | ipa="in'to:n"
  item 0688 [interview#38] 'internship'                   -> '实习期'                | ipa='inta:nfip'
  item 0689 [interview#39] 'day shift'                    -> '日班'                
--- page 33 (mode=cached, 1208 chars) ---
  item 0690 [interview#40] 'night shift'                  -> '夜班'                
  item 0691 [interview#41] 'day-off'                      -> '休息日'               
  item 0692 [interview#42] 'Sales Depariment'             -> '销售部门'              
  item 0693 [interview#43] 'Personnel Department'         -> '人事部门'              
  item 0694 [interview#44] 'Finance Department'           -> '财务部'               
  item 0695 [interview#45] 'Marketing Department'         -> '市场部'               
  item 0696 [interview#46] 'Quality Control Department'   -> '质量监管部'             
  item 0697 [interview#47] 'vacancy'                      -> '空缺'                 | ipa='veikonsi'
  item 0698 [interview#48] 'chairman'                     -> '主席'                 | ipa='tfeomon'
  item 0699 [interview#49] 'representative'               -> '代表'                 | ipa="repri'zentotiv"
  item 0700 [interview#50] 'staff'                        -> '员工'                 | ipa='sta:f'
  item 0701 [interview#51] 'bank clerk'                   -> '银行职员'              
  item 0702 [interview#52] 'blue-collar'                  -> '蓝领'                
  item 0703 [interview#53] 'white-collar'                 -> '白领'                
  item 0704 [interview#54] 'uniform'                      -> '制服'                 | ipa='‘ju:nifo:m'
  item 0705 [interview#55] 'assistant'                    -> '助理'                 | ipa="o'sistont"
  item 0706 [interview#56] 'library assistant'            -> '图书馆员'              
  item 0707 [interview#57] 'office assistant'             -> '办公室助理'             
  item 0708 [interview#58] 'cleaner'                      -> '清洁工'                | ipa="3'sistant"
  P33: cat#9 -> dining (休闲娱乐) | '9 休闲 娱乐'
  item 0709 [dining#1] 'Chinese restaurant'           -> '中餐馆'               
  item 0710 [dining#2] 'Indian restaurant'            -> '印度餐厅'              
  item 0711 [dining#3] 'Mexico restaurant'            -> '墨西哥餐厅'             
  item 0712 [dining#4] 'tearoom'                      -> '茶社'                
  item 0713 [dining#5] 'cafeteria'                    -> '小餐馆，上自助餐厅'          | ipa="kefi'tiorio"
--- page 34 (mode=cached, 949 chars) ---
  item 0714 [dining#6] 'bar'                          -> '酒吧'                 | ipa='ba:'
  item 0715 [dining#7] 'coffee'                       -> '咖啡馆'               
  item 0716 [dining#8] 'salad'                        -> '沙拉吧'               
  item 0717 [dining#9] 'take-away'                    -> '外卖的'               
  item 0718 [dining#10] 'take-away pizza'              -> '外卖披萨'              
  item 0719 [dining#11] 'take-away restaurant'         -> '外卖餐厅'              
  item 0720 [dining#12] 'eatin'                        -> '堂食'                
  item 0721 [dining#13] 'togo'                         -> '外卖'                
  item 0722 [dining#14] 'cup of coffee to'             -> '一杯外带咖啡'            
  item 0723 [dining#15] 'drive-in'                     -> '免下车的'              
  item 0724 [dining#16] 'spoon'                        -> '勺子'                 | ipa='spu:n'
  item 0725 [dining#17] 'chopsticks'                   -> '筷子'                 | ipa='tfopstik'
  item 0726 [dining#18] 'napkin'                       -> '和餐巾纸'               | ipa='nepkin'
  item 0727 [dining#19] 'tissue'                       -> '纸巾'                 | ipa='tifu:, -sju:'
  item 0728 [dining#20] 'tip'                          -> '小费'                 | ipa='tip'
  item 0729 [dining#21] 'drink'                        -> '饮料'                 | ipa='drink'
  item 0730 [dining#22] 'beverage'                     -> '饮料'                 | ipa='bevaridz'
  item 0731 [dining#23] 'milk'                         -> '牛奶'                 | ipa='milk'
  item 0732 [dining#24] 'coffee machine'               -> '咖啡机'               
  item 0733 [dining#25] 'fruit juice'                  -> '水果汁'               
  item 0734 [dining#26] 'apple juice'                  -> '苹果汗'               
  item 0735 [dining#27] 'black'                        -> '红茶'                
  item 0736 [dining#28] 'ycllow'                       -> '黄茶'                
  item 0737 [dining#29] 'lunch'                        -> '午餐'                 | ipa='lant{'
  item 0738 [dining#30] 'supper'                       -> '晚餐'                 | ipa='sapo'
--- page 35 (mode=cached, 1155 chars) ---
  item 0739 [dining#31] 'brunch'                       -> '时午饭'                | ipa='brant'
  item 0740 [dining#32] 'burger'                       -> '/汉堡'                | ipa='bo:go'
  item 0741 [dining#33] 'vegetarian'                   -> '素食主义者'              | ipa=",ved3i'teorion"
  item 0742 [dining#34] 'vcgctarian rcstaurant'        -> '素食餐厅'              
  item 0743 [dining#35] 'sandwit'                      -> '由六三明治'             
  item 0744 [dining#36] 'bread'                        -> '面包'                 | ipa='bred'
  item 0745 [dining#37] 'butter'                       -> '黄油'                 | ipa='bate'
  item 0746 [dining#38] 'cheese'                       -> '芝士'                 | ipa='tfi()z'
  item 0747 [dining#39] 'scafood'                      -> '海鲜'                 | ipa='sifu:d'
  item 0748 [dining#40] 'tomato'                       -> '西红柿'                | ipa="te ma':teu"
  item 0749 [dining#41] 'potato'                       -> '土豆'                 | ipa='pa teitau'
  item 0750 [dining#42] 'nut'                          -> '坚果'                 | ipa='nAf'
  item 0751 [dining#43] 'saltiness'                    -> '成味'                
  item 0752 [dining#44] 'sweetness'                    -> '甜味'                 | ipa='‘swi:tnis'
  item 0753 [dining#45] 'bitterness'                   -> '苦味'                 | ipa='‘bitanis'
  item 0754 [dining#46] 'spicy'                        -> '辛辣的'                | ipa='spaisi'
  item 0755 [dining#47] 'department store'             -> '百货商店'              
  item 0756 [dining#48] 'mall{'                        -> '购物中心'              
  item 0757 [dining#49] 'shopping mall'                -> '购物中心'              
  item 0758 [dining#50] 'shop'                         -> '两店'                 | ipa='fop'
  item 0759 [dining#51] 'supermarket'                  -> '超市'                 | ipa='sju:po,ma:kit'
  item 0760 [dining#52] "advertisement {ad'va"         -> '六广告'               
  item 0761 [dining#53] 'se'                           -> '让促销，出售'            
  item 0762 [dining#54] 'be on sale'                   -> '打折'                
  item 0763 [dining#55] 'bargain nA'                   -> '讨价还价，特价商品'          | ipa='ba:gin'
--- page 36 (mode=cached, 1185 chars) ---
  item 0764 [dining#56] 'promotion'                    -> '促销'                 | ipa='pro moufon'
  item 0765 [dining#57] 'stock'                        -> '存货，储备'              | ipa='stok'
  item 0766 [dining#58] 'shop assistant'               -> '店员'                
  item 0767 [dining#59] 'membership'                   -> '会员身份'               | ipa='membofip'
  item 0768 [dining#60] 'customer'                     -> '顾客'                 | ipa='kAstamas'
  item 0769 [dining#61] 'gift'                         -> '礼物'                 | ipa='gift'
  item 0770 [dining#62] 'till'                         -> '收银台'                | ipa='til'
  item 0771 [dining#63] 'counter'                      -> '柜台'                 | ipa='kaunto'
  item 0772 [dining#64] 'receipt'                      -> '发票'                 | ipa="ri'si:t"
  item 0773 [dining#65] 'refund'                       -> '退款'                 | ipa="ri'fand, 'ri:fand"
  item 0774 [dining#66] 'must'                         -> '必买物品'              
  item 0775 [dining#67] 'cosmetic'                     -> '化妆品'                | ipa="koz'metik"
  item 0776 [dining#68] 'wool'                         -> '羊毛'                 | ipa='wul'
  item 0777 [dining#69] 'fo:ln'                        -> '毛皮'                
  item 0778 [dining#70] 'casual clothes'               -> '休闲服'               
  item 0779 [dining#71] 'small'                        -> '小号的'                | ipa='smo:!'
--- page 37 (mode=cached, 1079 chars) ---
  item 0780 [dining#72] 'extra large'                  -> '加大'                
  item 0781 [dining#73] 'fitting room'                 -> '试衣间'               
  item 0782 [dining#74] 'fitness centre'               -> '健身中心'              
  item 0783 [dining#75] 'sports centre'                -> '健身中心'              
  item 0784 [dining#76] 'sports complex'               -> '综合体育馆'             
  item 0785 [dining#77] 'keep-tit stutio'              -> '健身房'               
  item 0786 [dining#78] 'arena'                        -> '竞技场地，表演场地'          | ipa="o'ri:no"
  item 0787 [dining#79] 'football'                     -> '足球'                 | ipa='futbo:1'
  item 0788 [dining#80] 'skating'                      -> '滑冰'                 | ipa='skcitin'
  item 0789 [dining#81] 'tennis court'                 -> '网球场'               
  item 0790 [dining#82] 'table tennis'                 -> '乒乓球'               
  item 0791 [dining#83] 'swimming'                     -> '游泳'                 | ipa='‘swimin'
  item 0792 [dining#84] 'swimming pool'                -> '游泳池'               
  item 0793 [dining#85] 'yoga'                         -> '瑜伽'                 | ipa='‘jouge'
  item 0794 [dining#86] 'kick-boxing'                  -> '拳击'                
  item 0795 [dining#87] 'judo'                         -> '柔道'                 | ipa='‘dzu:dou'
  item 0796 [dining#88] 'activity'                     -> '活动'                 | ipa="ak'tiveti"
  item 0797 [dining#89] 'outdoor activity'             -> '户外活动'              
  item 0798 [dining#90] 'indoor activity'              -> '室内活动'              
  item 0799 [dining#91] 'cycling'                      -> '脚踏车'                | ipa='‘saiklin'
  item 0800 [dining#92] 'subscription'                 -> '报名费'               
  item 0801 [dining#93] 'discount'                     -> '六折扣'                | ipa='‘diskaunt'
  item 0802 [dining#94] 'assessinent'                  -> '评估'                 | ipa="o'sesmont"
--- page 38 (mode=cached, 1232 chars) ---
  item 0803 [dining#95] 'performance'                  -> '表演'                 | ipa="po'fo:mons"
  item 0804 [dining#96] 'show 7A'                      -> '演出，放呐'              | ipa='fou'
  item 0805 [dining#97] 'soloist'                      -> '独唱者'                | ipa='‘soulouist'
  item 0806 [dining#98] 'band'                         -> '乐队'                 | ipa='bend'
  item 0807 [dining#99] 'singer'                       -> '歌手，演唱者'             | ipa='sins'
  item 0808 [dining#100] 'dancer'                       -> '舞者，舞中演员'            | ipa='dansa'
  item 0809 [dining#101] 'pop'                          -> '流行的'                | ipa='pop'
  item 0810 [dining#102] 'pop music'                    -> '流行音乐'              
  item 0811 [dining#103] 'jazz'                         -> '器士乐'                | ipa='"dzxzz'
  item 0812 [dining#104] 'light music'                  -> '轻音乐'               
  item 0813 [dining#105] 'classical music'              -> '古典乐'               
  item 0814 [dining#106] 'folk song'                    -> '民歌'                
  item 0815 [dining#107] 'conductor'                    -> '指挥'                 | ipa="kan'dAkts"
  item 0816 [dining#108] 'easy tune'                    -> '令人放松的小曲'           
  item 0817 [dining#109] 'tone'                         -> '音调'                 | ipa='taun'
  item 0818 [dining#110] 'lyric'                        -> '歌词'                 | ipa='‘lirik'
  item 0819 [dining#111] 'display nA'                   -> '陈列，展示'              | ipa="dis'plei"
  item 0820 [dining#112] 'exhibit'                      -> '展览'                 | ipa="ig'zibit"
  item 0821 [dining#113] 'sculpture'                    -> '雕塑'                 | ipa='skalptfo'
--- page 39 (mode=cached, 1286 chars) ---
  item 0822 [dining#114] 'photographer'                 -> '/摄影师'               | ipa="fo'togrofo"
  item 0823 [dining#115] 'studio theatre'               -> '实验剧场'              
  item 0824 [dining#116] 'cinema'                       -> '电影院'                | ipa='sinimo'
  item 0825 [dining#117] 'movie'                        -> '六电影'                | ipa='mu:vi'
  item 0826 [dining#118] 'documentary'                  -> '纪录片'                | ipa=",dokju'mentari"
  item 0827 [dining#119] 'detective film'               -> '侦探片'               
  item 0828 [dining#120] 'science fiction'              -> '科幻片'               
  item 0829 [dining#121] 'western'                      -> '西部片'                | ipa='weston'
  item 0830 [dining#122] 'cowboy film'                  -> '牛仔片'               
  item 0831 [dining#123] 'romance'                      -> '爱情片'                | ipa="reu'maens"
  item 0832 [dining#124] 'romantic'                     -> '浪漫的'                | ipa="reu'maentik"
  item 0833 [dining#125] 'love story'                   -> '爱情片'               
  item 0834 [dining#126] 'ethical film'                 -> '伦理片'               
  P39: cat#10 -> science (科普类场景) | '10. 科普 类 场景'
--- page 40 (mode=cached, 322 chars) ---
  item 0835 [science#1] 'wild animal'                  -> '野生动物'              
  item 0836 [science#2] 'endangered species'           -> '濒危物种'              
  item 0837 [science#3] 'creature'                     -> '生物'                 | ipa='‘kri:tfo'
  item 0838 [science#4] 'wildlife'                     -> '野生动物'               | ipa='waildlaif'
--- page 41 (mode=cached, 1284 chars) ---
  item 0839 [science#5] 'population'                   -> '动物数量'               | ipa="popju'leifon"
  item 0840 [science#6] 'migration'                    -> '移民，乌类迁徙'            | ipa="mai'greifon"
  item 0841 [science#7] 'breeding'                     -> '生养，繁殖'              | ipa='bri:din'
  item 0842 [science#8] 'feeding spot'                 -> '喂养地'               
  item 0843 [science#9] 'marine'                       -> '海洋的，海生的'            | ipa="ma'ri:n"
  item 0844 [science#10] 'marine animal'                -> '海洋生物'              
  item 0845 [science#11] 'rare animal'                  -> '稀有动物'              
  item 0846 [science#12] 'extinct'                      -> '灭绝'                 | ipa="ik'stinkt"
  item 0847 [science#13] 'die'                          -> '灭绝'                
  item 0848 [science#14] 'hunt'                         -> '捕猎'                 | ipa='hant'
  item 0849 [science#15] 'capture'                      -> '捕获'                 | ipa='keptfo'
  item 0850 [science#16] 'drought'                      -> '干旱'                 | ipa='draut'
  item 0851 [science#17] 'disease'                      -> '疾病'                 | ipa="di'zi:z"
  item 0852 [science#18] 'attack'                       -> '攻击'                 | ipa='otek'
  item 0853 [science#19] 'attack humans'                -> '攻击人类'              
  item 0854 [science#20] 'protect'                      -> '保护'                 | ipa="pro'tekt"
  item 0855 [science#21] 'conserve'                     -> '保护'                 | ipa="kon'sa:v"
  item 0856 [science#22] 'animal conservation'          -> '动物保护'              
  item 0857 [science#23] 'preserve'                     -> '保护'                 | ipa='prizs:y'
  item 0858 [science#24] 'gene'                         -> '六基因'                | ipa='d3i:n'
  item 0859 [science#25] 'gene pool'                    -> '基因库'               
  item 0860 [science#26] 'diversity'                    -> '多样性'                | ipa="dai'vo:siti"
  item 0861 [science#27] 'immature ad/'                 -> '不成熟的'               | ipa=",imo'tfuo"
  item 0862 [science#28] 'fully grown'                  -> '完全成年的'             
--- page 42 (mode=cached, 1069 chars) ---
  item 0863 [science#29] 'growth stages'                -> '成长阶段'              
  item 0864 [science#30] 'bird'                         -> '乌'                  | ipa='ba:d'
  item 0865 [science#31] 'migratory bird'               -> '候马'                
  item 0866 [science#32] 'fish'                         -> '鱼'                  | ipa='fif'
  item 0867 [science#33] 'skeleton'                     -> '骨骼，框架'              | ipa='skeliton'
  item 0868 [science#34] 'fin'                          -> '鱼鱼'                 | ipa='fin'
  item 0869 [science#35] 'scale'                        -> '鱼鳞，规模'              | ipa='skeil'
  item 0870 [science#36] 'sense of smell'               -> '嗅觉'                
  item 0871 [science#37] 'evaporate'                    -> '蒸发'                 | ipa='i vepereit'
  item 0872 [science#38] 'filter'                       -> '过滤'                 | ipa='‘filto'
  item 0873 [science#39] 'vegetation'                   -> '植被'                 | ipa=",ved3i'teifon"
  item 0874 [science#40] 'willow'                       -> '柳树'                 | ipa='wilou'
  item 0875 [science#41] 'pollen'                       -> '花粉'                 | ipa='polon'
  item 0876 [science#42] 'wood'                         -> '本材，树林'              | ipa='wud'
  item 0877 [science#43] 'weed'                         -> '野草'                 | ipa='wi:d'
  item 0878 [science#44] 'agriculture'                  -> '农业'                 | ipa='‘agrikaltfa'
  item 0879 [science#45] 'agricultural'                 -> '农业的'                | ipa="agri'kaltfor(a)l"
  item 0880 [science#46] 'produce'                      -> '农产品,生产'             | ipa="pra'dju:s, ‘prodju:s"
--- page 43 (mode=cached, 1239 chars) ---
  item 0881 [science#47] 'wheat'                        -> '六小麦'                | ipa='wi:t'
  item 0882 [science#48] 'corn'                         -> '玉米'                 | ipa='ko:n'
  item 0883 [science#49] 'livestock'                    -> '牲畜'                 | ipa='laivstok'
  item 0884 [science#50] 'fertilise'                    -> '使肥沃'                | ipa='fo:tilaiz'
  item 0885 [science#51] 'soil conditioner'             -> '土壤改良剂'             
  item 0886 [science#52] 'loss of soil'                 -> '土壤流失'              
  item 0887 [science#53] 'soil damage'                  -> '土地破坏'              
  item 0888 [science#54] 'organic food'                 -> '有机食品'              
  item 0889 [science#55] 'organic farming'              -> '有机农业'              
  item 0890 [science#56] 'organic material'             -> '有机材料'              
  item 0891 [science#57] 'industry'                     -> '工业'                 | ipa='indastri'
  item 0892 [science#58] 'pottery'                      -> '陶器'                 | ipa='‘potori'
  item 0893 [science#59] 'decoration'                   -> '装饰'                 | ipa=",deka'reifon"
  item 0894 [science#60] 'climate'                      -> '气候'                 | ipa='‘klaimit'
  item 0895 [science#61] 'climate change'               -> '气候变化'              
  item 0896 [science#62] 'carbon'                       -> '碳'                  | ipa='‘ka:bon'
  item 0897 [science#63] 'carbon dioxide'               -> '二氧化碳'              
  item 0898 [science#64] 'acid'                         -> '酸，酸的'              
  item 0899 [science#65] 'acid rain'                    -> '酸雨'                
  item 0900 [science#66] 'solar energy'                 -> '太阳能'               
  item 0901 [science#67] 'nuclear energy'               -> '核能'                
  item 0902 [science#68] 'global warming'               -> '全球变暖'              
  item 0903 [science#69] 'deterioration'                -> '恶化'                 | ipa="di tirio'reifon"
--- page 44 (mode=cached, 1221 chars) ---
  item 0904 [science#70] 'ocean current'                -> '洋流'                
  item 0905 [science#71] 'sealevel'                     -> '海平面'               
  item 0906 [science#72] 'latitude'                     -> '纬度'                 | ipa='‘letitju:d'
  item 0907 [science#73] 'contamination'                -> '污染'                 | ipa="kan temi'ncifan"
  item 0908 [science#74] 'pollution'                    -> '污染'                 | ipa="po'lu;fon"
  item 0909 [science#75] 'air pollution'                -> '大气污染'              
  item 0910 [science#76] 'ri saikoll'                   -> '回收'                
  item 0911 [science#77] 'reuse'                        -> '重新使用'               | ipa='riju:zl'
  item 0912 [science#78] 'reusable'                     -> '可重复使用的'             | ipa="ri:'ju:zabl"
  item 0913 [science#79] 'intact gd/'                   -> '未经触碰的，原封不动的'        | ipa="in'tekt"
  item 0914 [science#80] 'plastic'                      -> '塑料'                 | ipa='‘plestik'
  item 0915 [science#81] 'drop-off site'                -> '垃圾投放点'             
  item 0916 [science#82] 'incineration plant'           -> '分化车间'              
  item 0917 [science#83] 'goods'                        -> '物品'                 | ipa='gudz'
  item 0918 [science#84] 'granite'                      -> '花岗岩'                | ipa='granit'
  item 0919 [science#85] 'concrete'                     -> '混凝土'                | ipa='‘konkri:t'
  item 0920 [science#86] 'dump'                         -> '倾倒'                 | ipa='damp'
  item 0921 [science#87] 'power'                        -> '能量'                 | ipa='‘pauo'
  item 0922 [science#88] 'ges'                          -> '气'                 
  item 0923 [science#89] 'greenhouse'                   -> '温室气体'              
  item 0924 [science#90] 'exhausted'                    -> '尾气'                
  item 0925 [science#91] 'local resource'               -> '当地资源'              
  item 0926 [science#92] 'natural resource'             -> '自然资源'              
  item 0927 [science#93] 'diesel'                       -> '柴油'                
  item 0928 [science#94] 'Sustainable'                  -> '可持续的'               | ipa="so'stcinabl"
  item 0929 [science#95] 'sustainable development'      -> '可持续发展'             
--- page 45 (mode=cached, 1182 chars) ---
  item 0930 [science#96] 'restore'                      -> '修复'                 | ipa="ri'sto:"
  P45: cat#11 -> society-economy (社会经济类场景) | '11 社会 经 济 类 场景'
  item 0931 [society-economy#1] 'cconomy'                      -> '经济'                 | ipa="i'konomi"
  item 0932 [society-economy#2] 'cconomist'                    -> '经济学家'               | ipa='i konomist'
  item 0933 [society-economy#3] 'boom nA'                      -> '繁荣'                 | ipa='bu:m'
  item 0934 [society-economy#4] 'recover'                      -> '恢复'                 | ipa='ri kavo'
  item 0935 [society-economy#5] 'recession'                    -> '衰退，萧条'              | ipa="ri'sefon"
  item 0936 [society-economy#6] 'depression'                   -> '衰退'                 | ipa="di'pres"
  item 0937 [society-economy#7] 'stagnation'                   -> '衰退'                 | ipa="steg'neifon"
  item 0938 [society-economy#8] 'import nA'                    -> '进口'                 | ipa="im'po:t, ‘impo:t"
  item 0939 [society-economy#9] 'export nA'                    -> '出口'                 | ipa="ekspo:t,cks'po:t"
  item 0940 [society-economy#10] 'inflation'                    -> '通货膨胀'               | ipa="in'fleifon"
  item 0941 [society-economy#11] 'politician'                   -> '”政治家'               | ipa="poli'tifon"
  item 0942 [society-economy#12] 'Foreign Department'           -> '外交部'               
  item 0943 [society-economy#13] 'Security Department'          -> '安全部'               
  item 0944 [society-economy#14] 'representative repri'         -> '代表'                
  item 0945 [society-economy#15] 'embassy'                      -> '岂.大使馆'              | ipa='embasi'
  item 0946 [society-economy#16] 'election'                     -> '选举'                 | ipa='ilekfan'
  item 0947 [society-economy#17] 'severe competition'           -> '激烈竞争'              
  item 0948 [society-economy#18] 'software'                     -> '软件'                 | ipa='softweo'
  item 0949 [society-economy#19] 'technology'                   -> '科技'                 | ipa="tck'noladgi"
  item 0950 [society-economy#20] 'technique'                    -> '技巧，技能'              | ipa='tck’ni:k'
  item 0951 [society-economy#21] 'donation'                     -> '捐赠'                 | ipa="dou'ncifan"
categories detected: [1, 2, 3, 4, 5, 6, 7, 8, 9, 10, 11]
items extracted: 951
anomalies: 0

--- summary ---
categories: 11 (ids=accommodation,travelling,banking,freshman,school-life,library,medical,interview,dining,science,society-economy)
items: 951

--- 5 random sample items ---
  [library-20] eng='novel' chi='小说' ipa='‘noval'
  [dining-78] eng='arena' chi='竞技场地，表演场地' ipa="o'ri:no"
  [library-64] eng='loan period' chi='截止日期'
  [school-life-98] eng='Conclusion' chi='结论。对文章进行总结，也可提出一些文章的局限性' tips='以 放 到 一 起 来 寄 , 在 剑桥 题 日 中 这 山 个 单词 曾经 也 作 为 蔡 换 词 出 项 ， 具 体 的 研究 方法 包括 ， 调 查 问卷'
  [accommodation-55] eng='bill' chi='账单' ipa='bil' tips='x 押金 可 以 是 具体 的 钱 数 ， 比 方 说 于 200， 也 有 可 能 是 一 个 月 的 房租 one month’s rent, 也 可 以 '
