source: /home/ljh2923/opencode-project/IELTS/口语 Part1 5-8月collocations.docx
paragraphs: 829
topics detected: 32
  item 01 [p1-hometown#1] 'a sense of belonging' -> '归属感'
  item 02 [p1-hometown#2] 'be deeply rooted in' -> '深深扎根于'
  item 03 [p1-work-or-studies#1] 'develop practical skills' -> '培养实践技能'
  item 04 [p1-work-or-studies#2] 'keep up with the latest developments' -> '跟上最新发展'
  item 05 [p1-home-accommodation#1] 'a peaceful environment' -> '安静舒适的环境'
  item 06 [p1-home-accommodation#2] 'meet my needs' -> '满足我的需求'
  item 07 [p1-the-area-you-live-in#1] 'have easy access to' -> '方便获得 / 去往'
  item 08 [p1-the-area-you-live-in#2] 'a well-connected area' -> '交通便利的区域'
  item 09 [p1-the-city-you-live-in#1] 'a fast-paced lifestyle' -> '快节奏生活'
  item 10 [p1-the-city-you-live-in#2] 'a high standard of living' -> '高生活水平'
  item 11 [p1f-parks#1] 'green spaces' -> '绿色空间'
  item 12 [p1f-parks#2] 'unwind after a long day' -> '忙碌一天后放松'
  item 13 [p1f-outer-space-and-stars#1] 'spark my curiosity' -> '激发我的好奇心'
  item 14 [p1f-outer-space-and-stars#2] 'scientific breakthroughs' -> '科学突破'
  item 15 [p1f-buildings#1] 'architectural features' -> '建筑特色'
  item 16 [p1f-buildings#2] 'cultural significance' -> '文化意义'
  item 17 [p1f-scenery#1] 'breathtaking scenery' -> '令人惊叹的风景'
  item 18 [p1f-scenery#2] 'natural beauty' -> '自然美景'
  item 19 [p1f-views#1] 'enjoy a panoramic view of' -> '欣赏全景'
  item 20 [p1f-views#2] 'a sense of tranquillity' -> '宁静感'
  item 21 [p1f-science#1] 'scientific discoveries' -> '科学发现'
  item 22 [p1f-science#2] 'practical applications' -> '实际应用'
  item 23 [p1f-cars#1] 'fuel-efficient vehicles' -> '节能汽车'
  item 24 [p1f-cars#2] 'a convenient means of transportation' -> '便利的交通方式'
  item 25 [p1f-teachers#1] 'have a positive influence on' -> '产生积极影响'
  item 26 [p1f-teachers#2] 'inspire students to' -> '激励学生去……'
  item 27 [p1f-social-media#1] 'stay connected with' -> '保持联系'
  item 28 [p1f-social-media#2] 'addictive nature' -> '容易上瘾的特性'
  item 29 [p1f-watch#1] 'keep track of time' -> '掌握时间 / 记录时间'
  item 30 [p1f-watch#2] 'serve a practical purpose' -> '具有实际用途'
  item 31 [p1f-websites#1] 'reliable sources of information' -> '可靠的信息来源'
  item 32 [p1f-websites#2] 'user-friendly interface' -> '用户友好的界面'
  item 33 [p1f-mirrors#1] 'pay attention to my appearance' -> '注意自己的外表'
  item 34 [p1f-mirrors#2] 'personal grooming' -> '个人仪表管理'
  item 35 [p1f-gifts#1] 'a thoughtful gift' -> '用心准备的礼物'
  item 36 [p1f-gifts#2] 'show appreciation' -> '表达感谢'
  item 37 [p1f-pets-and-animals#1] 'provide emotional support' -> '提供情感支持'
  item 38 [p1f-pets-and-animals#2] 'take responsibility for' -> '承担责任'
  item 39 [p1f-food#1] 'a balanced diet' -> '均衡饮食'
  item 40 [p1f-food#2] 'traditional cuisine' -> '传统美食'
  item 41 [p1f-sports-team#1] 'work as a team' -> '团队合作'
  item 42 [p1f-sports-team#2] 'build team spirit' -> '培养团队精神'
  item 43 [p1f-childhood-activities#1] 'create lasting memories' -> '创造持久的回忆'
  item 44 [p1f-childhood-activities#2] 'spend time outdoors' -> '花时间在户外'
  item 45 [p1f-shopping#1] 'make an informed decision' -> '做出明智决定'
  item 46 [p1f-shopping#2] 'good value for money' -> '物有所值'
  item 47 [p1f-singing#1] 'express my emotions' -> '表达情感'
  item 48 [p1f-singing#2] 'boost my mood' -> '改善心情'
  item 49 [p1f-life-stages#1] 'go through different stages of life' -> '经历不同人生阶段'
  item 50 [p1f-life-stages#2] 'personal growth' -> '个人成长'
  item 51 [p1f-morning-time#1] 'start the day on the right foot' -> '以良好状态开始一天'
  item 52 [p1f-morning-time#2] 'morning routine' -> '早晨习惯'
  item 53 [p1f-reading#1] 'broaden my knowledge' -> '拓宽知识面'
  item 54 [p1f-reading#2] 'get absorbed in a book' -> '沉浸在书中'
  item 55 [p1f-walking#1] 'clear my mind' -> '放空思绪'
  item 56 [p1f-walking#2] 'stay physically active' -> '保持身体活跃'
  item 57 [p1f-typing#1] 'improve my efficiency' -> '提高效率'
  item 58 [p1f-typing#2] 'digital skills' -> '数字技能'
  item 59 [p1f-tidiness#1] 'keep my surroundings tidy' -> '保持周围整洁'
  item 60 [p1f-tidiness#2] 'a clutter-free environment' -> '没有杂物的环境'
  item 61 [p1f-music#1] 'have a strong emotional connection with' -> '与……有强烈情感联系'
  item 62 [p1f-music#2] 'a source of relaxation' -> '放松来源'
  item 63 [p1f-hobby#1] 'pursue a hobby' -> '培养/追求兴趣爱好'
  item 64 [p1f-hobby#2] 'take up a new hobby' -> '开始一个新爱好'
---
wrote /home/ljh2923/opencode-project/IELTS/docs/vocab/data/speaking-p1.json | categories=32 items=64
